******************************************************************************
               TMS320C6x Linker PC v7.4.20                     
******************************************************************************
>> Linked Fri Sep 08 14:18:52 2017

OUTPUT FILE NAME:   <APP.out>
ENTRY POINT SYMBOL: "_c_int00"  address: 00001780


MEMORY CONFIGURATION

         name            origin    length      used     unused   attr    fill
----------------------  --------  ---------  --------  --------  ----  --------
  IVECS                 00000000   00000220  00000000  00000220  RWIX
  IRAM                  00000220   0002fde0  000016a0  0002e740  RWIX
  SDRAM                 80000000   01000000  00000000  01000000  RWIX
  FLASH                 90000000   00020000  00000000  00020000  RWIX


SECTION ALLOCATION MAP

 output                                  attributes/
section   page    origin      length       input sections
--------  ----  ----------  ----------   ----------------
.bss       0    00000220    00000000     UNINITIALIZED

.stack     0    00000220    00001000     UNINITIALIZED
                  00000220    00000008     rts6700.lib : boot.obj (.stack)
                  00000228    00000ff8     --HOLE--

.text      0    00001220    00000660     
                  00001220    00000240     rts6700.lib : memcpy62.obj (.text:_memcpy)
                  00001460    00000100                 : autoinit.obj (.text:__auto_init)
                  00001560    000000e0                 : exit.obj (.text:_exit)
                  00001640    000000c0                 : cpy_tbl.obj (.text:_copy_in)
                  00001700    00000080                 : cpp_init.obj (.text:___TI_cpp_init)
                  00001780    00000080                 : boot.obj (.text:_c_int00)
                  00001800    00000040                 : args_main.obj (.text:__args_main)
                  00001840    00000020                 : exit.obj (.text:_abort)
                  00001860    00000020     app2.obj (.text)

.cinit     0    00001880    00000034     
                  00001880    0000002c     rts6700.lib : exit.obj (.cinit)
                  000018ac    00000004     --HOLE-- [fill = 0]
                  000018b0    00000004     (.pad.cinit) [fill = 0]

.far       0    000018b4    0000000c     UNINITIALIZED
                  000018b4    0000000c     rts6700.lib : exit.obj (.far)


GLOBAL SYMBOLS: SORTED ALPHABETICALLY BY Name 

address    name
--------   ----
00000220   $bss
00000220   .bss
00001220   .text
00001840   C$$EXIT
00001220   __STACK_END
00001000   __STACK_SIZE
00000001   __TI_args_main
00001700   ___TI_cpp_init
000018bc   ___TI_enable_exit_profile_output
ffffffff   ___TI_pprof_out_hndl
ffffffff   ___TI_prof_data_size
ffffffff   ___TI_prof_data_start
ffffffff   ___binit__
00000220   ___bss__
ffffffff   ___c_args__
00001880   ___cinit__
00000220   ___end__
00001880   ___etext__
ffffffff   ___pinit__
00001220   ___text__
00001800   __args_main
00001460   __auto_init
000018b4   __cleanup_ptr
000018b8   __dtors_ptr
00000220   __stack
00001840   _abort
00001780   _c_int00
00001640   _copy_in
00001560   _exit
00001860   _main
00001220   _memcpy
ffffffff   binit
00001880   cinit
00000220   end
00001880   etext
ffffffff   pinit


GLOBAL SYMBOLS: SORTED BY Symbol Address 

address    name
--------   ----
00000001   __TI_args_main
00000220   $bss
00000220   .bss
00000220   ___bss__
00000220   ___end__
00000220   __stack
00000220   end
00001000   __STACK_SIZE
00001220   .text
00001220   __STACK_END
00001220   ___text__
00001220   _memcpy
00001460   __auto_init
00001560   _exit
00001640   _copy_in
00001700   ___TI_cpp_init
00001780   _c_int00
00001800   __args_main
00001840   C$$EXIT
00001840   _abort
00001860   _main
00001880   ___cinit__
00001880   ___etext__
00001880   cinit
00001880   etext
000018b4   __cleanup_ptr
000018b8   __dtors_ptr
000018bc   ___TI_enable_exit_profile_output
ffffffff   ___TI_pprof_out_hndl
ffffffff   ___TI_prof_data_size
ffffffff   ___TI_prof_data_start
ffffffff   ___binit__
ffffffff   ___c_args__
ffffffff   ___pinit__
ffffffff   binit
ffffffff   pinit

[36 symbols]
