<?xml version="1.0"?>
<link_info>
   <banner>TMS320C6x Linker PC v7.4.20</banner>
   <copyright>Copyright (c) 1996-2015 Texas Instruments Incorporated</copyright>
   <link_time>0x59b05dcf</link_time>
   <output_file>labo1.out</output_file>
   <entry_point>
      <name>_c_int00</name>
      <address>0x90a0</address>
   </entry_point>
   <input_file_list>
      <input_file id="fl-2">
         <path>.\</path>
         <kind>object</kind>
         <file>labo1.obj</file>
         <name>labo1.obj</name>
      </input_file>
      <input_file id="fl-3">
         <path>.\</path>
         <kind>object</kind>
         <file>main.obj</file>
         <name>main.obj</name>
      </input_file>
      <input_file id="fl-81">
         <path>C:\ti\ccsv7\tools\compiler\c6000_7.4.20\lib\</path>
         <kind>archive</kind>
         <file>rts6200.lib</file>
         <name>boot.obj</name>
      </input_file>
      <input_file id="fl-82">
         <path>C:\ti\ccsv7\tools\compiler\c6000_7.4.20\lib\</path>
         <kind>archive</kind>
         <file>rts6200.lib</file>
         <name>exit.obj</name>
      </input_file>
      <input_file id="fl-83">
         <path>C:\ti\ccsv7\tools\compiler\c6000_7.4.20\lib\</path>
         <kind>archive</kind>
         <file>rts6200.lib</file>
         <name>printf.obj</name>
      </input_file>
      <input_file id="fl-84">
         <path>C:\ti\ccsv7\tools\compiler\c6000_7.4.20\lib\</path>
         <kind>archive</kind>
         <file>rts6200.lib</file>
         <name>_lock.obj</name>
      </input_file>
      <input_file id="fl-85">
         <path>C:\ti\ccsv7\tools\compiler\c6000_7.4.20\lib\</path>
         <kind>archive</kind>
         <file>rts6200.lib</file>
         <name>_printfi.obj</name>
      </input_file>
      <input_file id="fl-86">
         <path>C:\ti\ccsv7\tools\compiler\c6000_7.4.20\lib\</path>
         <kind>archive</kind>
         <file>rts6200.lib</file>
         <name>args_main.obj</name>
      </input_file>
      <input_file id="fl-87">
         <path>C:\ti\ccsv7\tools\compiler\c6000_7.4.20\lib\</path>
         <kind>archive</kind>
         <file>rts6200.lib</file>
         <name>atoi.obj</name>
      </input_file>
      <input_file id="fl-88">
         <path>C:\ti\ccsv7\tools\compiler\c6000_7.4.20\lib\</path>
         <kind>archive</kind>
         <file>rts6200.lib</file>
         <name>autoinit.obj</name>
      </input_file>
      <input_file id="fl-89">
         <path>C:\ti\ccsv7\tools\compiler\c6000_7.4.20\lib\</path>
         <kind>archive</kind>
         <file>rts6200.lib</file>
         <name>cmpd.obj</name>
      </input_file>
      <input_file id="fl-8a">
         <path>C:\ti\ccsv7\tools\compiler\c6000_7.4.20\lib\</path>
         <kind>archive</kind>
         <file>rts6200.lib</file>
         <name>cpp_init.obj</name>
      </input_file>
      <input_file id="fl-8b">
         <path>C:\ti\ccsv7\tools\compiler\c6000_7.4.20\lib\</path>
         <kind>archive</kind>
         <file>rts6200.lib</file>
         <name>cpy_tbl.obj</name>
      </input_file>
      <input_file id="fl-8c">
         <path>C:\ti\ccsv7\tools\compiler\c6000_7.4.20\lib\</path>
         <kind>archive</kind>
         <file>rts6200.lib</file>
         <name>ctype.obj</name>
      </input_file>
      <input_file id="fl-8d">
         <path>C:\ti\ccsv7\tools\compiler\c6000_7.4.20\lib\</path>
         <kind>archive</kind>
         <file>rts6200.lib</file>
         <name>defs.obj</name>
      </input_file>
      <input_file id="fl-8e">
         <path>C:\ti\ccsv7\tools\compiler\c6000_7.4.20\lib\</path>
         <kind>archive</kind>
         <file>rts6200.lib</file>
         <name>divd.obj</name>
      </input_file>
      <input_file id="fl-8f">
         <path>C:\ti\ccsv7\tools\compiler\c6000_7.4.20\lib\</path>
         <kind>archive</kind>
         <file>rts6200.lib</file>
         <name>divu.obj</name>
      </input_file>
      <input_file id="fl-90">
         <path>C:\ti\ccsv7\tools\compiler\c6000_7.4.20\lib\</path>
         <kind>archive</kind>
         <file>rts6200.lib</file>
         <name>fixdi.obj</name>
      </input_file>
      <input_file id="fl-91">
         <path>C:\ti\ccsv7\tools\compiler\c6000_7.4.20\lib\</path>
         <kind>archive</kind>
         <file>rts6200.lib</file>
         <name>fixdli.obj</name>
      </input_file>
      <input_file id="fl-92">
         <path>C:\ti\ccsv7\tools\compiler\c6000_7.4.20\lib\</path>
         <kind>archive</kind>
         <file>rts6200.lib</file>
         <name>fltlid.obj</name>
      </input_file>
      <input_file id="fl-93">
         <path>C:\ti\ccsv7\tools\compiler\c6000_7.4.20\lib\</path>
         <kind>archive</kind>
         <file>rts6200.lib</file>
         <name>fputc.obj</name>
      </input_file>
      <input_file id="fl-94">
         <path>C:\ti\ccsv7\tools\compiler\c6000_7.4.20\lib\</path>
         <kind>archive</kind>
         <file>rts6200.lib</file>
         <name>fputs.obj</name>
      </input_file>
      <input_file id="fl-95">
         <path>C:\ti\ccsv7\tools\compiler\c6000_7.4.20\lib\</path>
         <kind>archive</kind>
         <file>rts6200.lib</file>
         <name>frcmpyd_div.obj</name>
      </input_file>
      <input_file id="fl-96">
         <path>C:\ti\ccsv7\tools\compiler\c6000_7.4.20\lib\</path>
         <kind>archive</kind>
         <file>rts6200.lib</file>
         <name>imath40.obj</name>
      </input_file>
      <input_file id="fl-97">
         <path>C:\ti\ccsv7\tools\compiler\c6000_7.4.20\lib\</path>
         <kind>archive</kind>
         <file>rts6200.lib</file>
         <name>imath64.obj</name>
      </input_file>
      <input_file id="fl-98">
         <path>C:\ti\ccsv7\tools\compiler\c6000_7.4.20\lib\</path>
         <kind>archive</kind>
         <file>rts6200.lib</file>
         <name>isinf.obj</name>
      </input_file>
      <input_file id="fl-99">
         <path>C:\ti\ccsv7\tools\compiler\c6000_7.4.20\lib\</path>
         <kind>archive</kind>
         <file>rts6200.lib</file>
         <name>llshift.obj</name>
      </input_file>
      <input_file id="fl-9a">
         <path>C:\ti\ccsv7\tools\compiler\c6000_7.4.20\lib\</path>
         <kind>archive</kind>
         <file>rts6200.lib</file>
         <name>lowlev.obj</name>
      </input_file>
      <input_file id="fl-9b">
         <path>C:\ti\ccsv7\tools\compiler\c6000_7.4.20\lib\</path>
         <kind>archive</kind>
         <file>rts6200.lib</file>
         <name>ltoa.obj</name>
      </input_file>
      <input_file id="fl-9c">
         <path>C:\ti\ccsv7\tools\compiler\c6000_7.4.20\lib\</path>
         <kind>archive</kind>
         <file>rts6200.lib</file>
         <name>memccpy.obj</name>
      </input_file>
      <input_file id="fl-9d">
         <path>C:\ti\ccsv7\tools\compiler\c6000_7.4.20\lib\</path>
         <kind>archive</kind>
         <file>rts6200.lib</file>
         <name>memcpy62.obj</name>
      </input_file>
      <input_file id="fl-9e">
         <path>C:\ti\ccsv7\tools\compiler\c6000_7.4.20\lib\</path>
         <kind>archive</kind>
         <file>rts6200.lib</file>
         <name>memset.obj</name>
      </input_file>
      <input_file id="fl-9f">
         <path>C:\ti\ccsv7\tools\compiler\c6000_7.4.20\lib\</path>
         <kind>archive</kind>
         <file>rts6200.lib</file>
         <name>mpyd.obj</name>
      </input_file>
      <input_file id="fl-a0">
         <path>C:\ti\ccsv7\tools\compiler\c6000_7.4.20\lib\</path>
         <kind>archive</kind>
         <file>rts6200.lib</file>
         <name>mpyll.obj</name>
      </input_file>
      <input_file id="fl-a1">
         <path>C:\ti\ccsv7\tools\compiler\c6000_7.4.20\lib\</path>
         <kind>archive</kind>
         <file>rts6200.lib</file>
         <name>negd.obj</name>
      </input_file>
      <input_file id="fl-a2">
         <path>C:\ti\ccsv7\tools\compiler\c6000_7.4.20\lib\</path>
         <kind>archive</kind>
         <file>rts6200.lib</file>
         <name>negll.obj</name>
      </input_file>
      <input_file id="fl-a3">
         <path>C:\ti\ccsv7\tools\compiler\c6000_7.4.20\lib\</path>
         <kind>archive</kind>
         <file>rts6200.lib</file>
         <name>subd.obj</name>
      </input_file>
      <input_file id="fl-a4">
         <path>C:\ti\ccsv7\tools\compiler\c6000_7.4.20\lib\</path>
         <kind>archive</kind>
         <file>rts6200.lib</file>
         <name>trgdrv.obj</name>
      </input_file>
      <input_file id="fl-a5">
         <path>C:\ti\ccsv7\tools\compiler\c6000_7.4.20\lib\</path>
         <kind>archive</kind>
         <file>rts6200.lib</file>
         <name>trgmsg.obj</name>
      </input_file>
      <input_file id="fl-a6">
         <path>C:\ti\ccsv7\tools\compiler\c6000_7.4.20\lib\</path>
         <kind>archive</kind>
         <file>rts6200.lib</file>
         <name>_io_perm.obj</name>
      </input_file>
      <input_file id="fl-a7">
         <path>C:\ti\ccsv7\tools\compiler\c6000_7.4.20\lib\</path>
         <kind>archive</kind>
         <file>rts6200.lib</file>
         <name>abs.obj</name>
      </input_file>
      <input_file id="fl-a8">
         <path>C:\ti\ccsv7\tools\compiler\c6000_7.4.20\lib\</path>
         <kind>archive</kind>
         <file>rts6200.lib</file>
         <name>addd.obj</name>
      </input_file>
      <input_file id="fl-a9">
         <path>C:\ti\ccsv7\tools\compiler\c6000_7.4.20\lib\</path>
         <kind>archive</kind>
         <file>rts6200.lib</file>
         <name>fflush.obj</name>
      </input_file>
      <input_file id="fl-aa">
         <path>C:\ti\ccsv7\tools\compiler\c6000_7.4.20\lib\</path>
         <kind>archive</kind>
         <file>rts6200.lib</file>
         <name>frcaddd.obj</name>
      </input_file>
      <input_file id="fl-ab">
         <path>C:\ti\ccsv7\tools\compiler\c6000_7.4.20\lib\</path>
         <kind>archive</kind>
         <file>rts6200.lib</file>
         <name>frcmpyd.obj</name>
      </input_file>
      <input_file id="fl-ac">
         <path>C:\ti\ccsv7\tools\compiler\c6000_7.4.20\lib\</path>
         <kind>archive</kind>
         <file>rts6200.lib</file>
         <name>fseek.obj</name>
      </input_file>
      <input_file id="fl-ad">
         <path>C:\ti\ccsv7\tools\compiler\c6000_7.4.20\lib\</path>
         <kind>archive</kind>
         <file>rts6200.lib</file>
         <name>renormd.obj</name>
      </input_file>
      <input_file id="fl-ae">
         <path>C:\ti\ccsv7\tools\compiler\c6000_7.4.20\lib\</path>
         <kind>archive</kind>
         <file>rts6200.lib</file>
         <name>setvbuf.obj</name>
      </input_file>
      <input_file id="fl-af">
         <path>C:\ti\ccsv7\tools\compiler\c6000_7.4.20\lib\</path>
         <kind>archive</kind>
         <file>rts6200.lib</file>
         <name>fopen.obj</name>
      </input_file>
      <input_file id="fl-b0">
         <path>C:\ti\ccsv7\tools\compiler\c6000_7.4.20\lib\</path>
         <kind>archive</kind>
         <file>rts6200.lib</file>
         <name>memory.obj</name>
      </input_file>
      <input_file id="fl-b1">
         <path>C:\ti\ccsv7\tools\compiler\c6000_7.4.20\lib\</path>
         <kind>archive</kind>
         <file>rts6200.lib</file>
         <name>fclose.obj</name>
      </input_file>
      <input_file id="fl-b2">
         <path>C:\ti\ccsv7\tools\compiler\c6000_7.4.20\lib\</path>
         <kind>archive</kind>
         <file>rts6200.lib</file>
         <name>remove.obj</name>
      </input_file>
   </input_file_list>
   <object_component_list>
      <object_component id="oc-f9">
         <name>.text:__divd</name>
         <load_address>0x220</load_address>
         <run_address>0x220</run_address>
         <size>0x700</size>
         <input_file_ref idref="fl-8e"/>
      </object_component>
      <object_component id="oc-ec">
         <name>.text:__getarg_diouxp</name>
         <load_address>0x920</load_address>
         <run_address>0x920</run_address>
         <size>0x700</size>
         <input_file_ref idref="fl-85"/>
      </object_component>
      <object_component id="oc-d8">
         <name>.text:__setfield</name>
         <load_address>0x1020</load_address>
         <run_address>0x1020</run_address>
         <size>0x680</size>
         <input_file_ref idref="fl-85"/>
      </object_component>
      <object_component id="oc-d3">
         <name>.text:__printfi</name>
         <load_address>0x16a0</load_address>
         <run_address>0x16a0</run_address>
         <size>0x560</size>
         <input_file_ref idref="fl-85"/>
      </object_component>
      <object_component id="oc-f6">
         <name>.text:_fcvt</name>
         <load_address>0x1c00</load_address>
         <run_address>0x1c00</run_address>
         <size>0x520</size>
         <input_file_ref idref="fl-85"/>
      </object_component>
      <object_component id="oc-d4">
         <name>.text:_fputs</name>
         <load_address>0x2120</load_address>
         <run_address>0x2120</run_address>
         <size>0x520</size>
         <input_file_ref idref="fl-94"/>
      </object_component>
      <object_component id="oc-f3">
         <name>.text:_ecvt</name>
         <load_address>0x2640</load_address>
         <run_address>0x2640</run_address>
         <size>0x4e0</size>
         <input_file_ref idref="fl-85"/>
      </object_component>
      <object_component id="oc-df">
         <name>.text:__pproc_fge</name>
         <load_address>0x2b20</load_address>
         <run_address>0x2b20</run_address>
         <size>0x4c0</size>
         <input_file_ref idref="fl-85"/>
      </object_component>
      <object_component id="oc-eb">
         <name>.text:__pconv_e</name>
         <load_address>0x2fe0</load_address>
         <run_address>0x2fe0</run_address>
         <size>0x440</size>
         <input_file_ref idref="fl-85"/>
      </object_component>
      <object_component id="oc-109">
         <name>.text:__divull</name>
         <load_address>0x3420</load_address>
         <run_address>0x3420</run_address>
         <size>0x3a0</size>
         <input_file_ref idref="fl-97"/>
      </object_component>
      <object_component id="oc-d7">
         <name>.text:__pproc_fwp</name>
         <load_address>0x37c0</load_address>
         <run_address>0x37c0</run_address>
         <size>0x380</size>
         <input_file_ref idref="fl-85"/>
      </object_component>
      <object_component id="oc-f0">
         <name>.text:_free</name>
         <load_address>0x3b40</load_address>
         <run_address>0x3b40</run_address>
         <size>0x380</size>
         <input_file_ref idref="fl-b0"/>
      </object_component>
      <object_component id="oc-113">
         <name>.text:__frcaddd</name>
         <load_address>0x3ec0</load_address>
         <run_address>0x3ec0</run_address>
         <size>0x320</size>
         <input_file_ref idref="fl-aa"/>
      </object_component>
      <object_component id="oc-10e">
         <name>.text:__addd</name>
         <load_address>0x41e0</load_address>
         <run_address>0x41e0</run_address>
         <size>0x300</size>
         <input_file_ref idref="fl-a8"/>
      </object_component>
      <object_component id="oc-e0">
         <name>.text:__pproc_diouxp</name>
         <load_address>0x44e0</load_address>
         <run_address>0x44e0</run_address>
         <size>0x300</size>
         <input_file_ref idref="fl-85"/>
      </object_component>
      <object_component id="oc-e3">
         <name>.text:_setvbuf</name>
         <load_address>0x47e0</load_address>
         <run_address>0x47e0</run_address>
         <size>0x300</size>
         <input_file_ref idref="fl-ae"/>
      </object_component>
      <object_component id="oc-f8">
         <name>.text:__mpyd</name>
         <load_address>0x4ae0</load_address>
         <run_address>0x4ae0</run_address>
         <size>0x2e0</size>
         <input_file_ref idref="fl-9f"/>
      </object_component>
      <object_component id="oc-d9">
         <name>.text:__pproc_str</name>
         <load_address>0x4dc0</load_address>
         <run_address>0x4dc0</run_address>
         <size>0x2e0</size>
         <input_file_ref idref="fl-85"/>
      </object_component>
      <object_component id="oc-d5">
         <name>.text:_fputc</name>
         <load_address>0x50a0</load_address>
         <run_address>0x50a0</run_address>
         <size>0x2e0</size>
         <input_file_ref idref="fl-93"/>
      </object_component>
      <object_component id="oc-108">
         <name>.text:__divul</name>
         <load_address>0x5380</load_address>
         <run_address>0x5380</run_address>
         <size>0x260</size>
         <input_file_ref idref="fl-96"/>
      </object_component>
      <object_component id="oc-f1">
         <name>.text:_malloc</name>
         <load_address>0x55e0</load_address>
         <run_address>0x55e0</run_address>
         <size>0x260</size>
         <input_file_ref idref="fl-b0"/>
      </object_component>
      <object_component id="oc-f5">
         <name>.text:__mcpy</name>
         <load_address>0x5840</load_address>
         <run_address>0x5840</run_address>
         <size>0x240</size>
         <input_file_ref idref="fl-85"/>
      </object_component>
      <object_component id="oc-ca">
         <name>.text:_memcpy</name>
         <load_address>0x5a80</load_address>
         <run_address>0x5a80</run_address>
         <size>0x240</size>
         <input_file_ref idref="fl-9d"/>
      </object_component>
      <object_component id="oc-c8">
         <name>.text:_HOSTrename</name>
         <load_address>0x5cc0</load_address>
         <run_address>0x5cc0</run_address>
         <size>0x220</size>
         <input_file_ref idref="fl-a4"/>
      </object_component>
      <object_component id="oc-e9">
         <name>.text:__pconv_g</name>
         <load_address>0x5ee0</load_address>
         <run_address>0x5ee0</run_address>
         <size>0x200</size>
         <input_file_ref idref="fl-85"/>
      </object_component>
      <object_component id="oc-e2">
         <name>.text:_fseek</name>
         <load_address>0x60e0</load_address>
         <run_address>0x60e0</run_address>
         <size>0x1e0</size>
         <input_file_ref idref="fl-ac"/>
      </object_component>
      <object_component id="oc-114">
         <name>.text:_getdevice</name>
         <load_address>0x62c0</load_address>
         <run_address>0x62c0</run_address>
         <size>0x1e0</size>
         <input_file_ref idref="fl-9a"/>
      </object_component>
      <object_component id="oc-ee">
         <name>.text:__ltostr</name>
         <load_address>0x64a0</load_address>
         <run_address>0x64a0</run_address>
         <size>0x1c0</size>
         <input_file_ref idref="fl-85"/>
      </object_component>
      <object_component id="oc-d6">
         <name>.text:__pproc_fflags</name>
         <load_address>0x6660</load_address>
         <run_address>0x6660</run_address>
         <size>0x1a0</size>
         <input_file_ref idref="fl-85"/>
      </object_component>
      <object_component id="oc-fe">
         <name>.text:__closefile</name>
         <load_address>0x6800</load_address>
         <run_address>0x6800</run_address>
         <size>0x180</size>
         <input_file_ref idref="fl-b1"/>
      </object_component>
      <object_component id="oc-c6">
         <name>.text:_HOSTlseek</name>
         <load_address>0x6980</load_address>
         <run_address>0x6980</run_address>
         <size>0x160</size>
         <input_file_ref idref="fl-a4"/>
      </object_component>
      <object_component id="oc-106">
         <name>.text:__frcmpyd_div</name>
         <load_address>0x6ae0</load_address>
         <run_address>0x6ae0</run_address>
         <size>0x160</size>
         <input_file_ref idref="fl-95"/>
      </object_component>
      <object_component id="oc-c4">
         <name>.text:_HOSTread</name>
         <load_address>0x6c40</load_address>
         <run_address>0x6c40</run_address>
         <size>0x140</size>
         <input_file_ref idref="fl-a4"/>
      </object_component>
      <object_component id="oc-104">
         <name>.text:__frcmpyd</name>
         <load_address>0x6d80</load_address>
         <run_address>0x6d80</run_address>
         <size>0x140</size>
         <input_file_ref idref="fl-ab"/>
      </object_component>
      <object_component id="oc-de">
         <name>.text:_atoi</name>
         <load_address>0x6ec0</load_address>
         <run_address>0x6ec0</run_address>
         <size>0x140</size>
         <input_file_ref idref="fl-87"/>
      </object_component>
      <object_component id="oc-100">
         <name>.text:_ltoa</name>
         <load_address>0x7000</load_address>
         <run_address>0x7000</run_address>
         <size>0x140</size>
         <input_file_ref idref="fl-9b"/>
      </object_component>
      <object_component id="oc-c2">
         <name>.text:_HOSTopen</name>
         <load_address>0x7140</load_address>
         <run_address>0x7140</run_address>
         <size>0x120</size>
         <input_file_ref idref="fl-a4"/>
      </object_component>
      <object_component id="oc-c5">
         <name>.text:_HOSTwrite</name>
         <load_address>0x7260</load_address>
         <run_address>0x7260</run_address>
         <size>0x120</size>
         <input_file_ref idref="fl-a4"/>
      </object_component>
      <object_component id="oc-da">
         <name>.text:__wrt_ok</name>
         <load_address>0x7380</load_address>
         <run_address>0x7380</run_address>
         <size>0x120</size>
         <input_file_ref idref="fl-a6"/>
      </object_component>
      <object_component id="oc-10a">
         <name>.text:_close</name>
         <load_address>0x74a0</load_address>
         <run_address>0x74a0</run_address>
         <size>0x120</size>
         <input_file_ref idref="fl-9a"/>
      </object_component>
      <object_component id="oc-dd">
         <name>.text:_memset</name>
         <load_address>0x75c0</load_address>
         <run_address>0x75c0</run_address>
         <size>0x120</size>
         <input_file_ref idref="fl-9e"/>
      </object_component>
      <object_component id="oc-d0">
         <name>.text:_printf</name>
         <load_address>0x76e0</load_address>
         <run_address>0x76e0</run_address>
         <size>0x120</size>
         <input_file_ref idref="fl-83"/>
      </object_component>
      <object_component id="oc-c3">
         <name>.text:_HOSTclose</name>
         <load_address>0x7800</load_address>
         <run_address>0x7800</run_address>
         <size>0x100</size>
         <input_file_ref idref="fl-a4"/>
      </object_component>
      <object_component id="oc-c7">
         <name>.text:_HOSTunlink</name>
         <load_address>0x7900</load_address>
         <run_address>0x7900</run_address>
         <size>0x100</size>
         <input_file_ref idref="fl-a4"/>
      </object_component>
      <object_component id="oc-be">
         <name>.text:__auto_init</name>
         <load_address>0x7a00</load_address>
         <run_address>0x7a00</run_address>
         <size>0x100</size>
         <input_file_ref idref="fl-88"/>
      </object_component>
      <object_component id="oc-e7">
         <name>.text:__cmpd</name>
         <load_address>0x7b00</load_address>
         <run_address>0x7b00</run_address>
         <size>0x100</size>
         <input_file_ref idref="fl-89"/>
      </object_component>
      <object_component id="oc-fa">
         <name>.text:__div</name>
         <load_address>0x7c00</load_address>
         <run_address>0x7c00</run_address>
         <size>0x100</size>
         <input_file_ref idref="fl-85"/>
      </object_component>
      <object_component id="oc-10d">
         <name>.text:__divli</name>
         <load_address>0x7d00</load_address>
         <run_address>0x7d00</run_address>
         <size>0x100</size>
         <input_file_ref idref="fl-96"/>
      </object_component>
      <object_component id="oc-ea">
         <name>.text:__pconv_f</name>
         <load_address>0x7e00</load_address>
         <run_address>0x7e00</run_address>
         <size>0x100</size>
         <input_file_ref idref="fl-85"/>
      </object_component>
      <object_component id="oc-ef">
         <name>.text:_lseek</name>
         <load_address>0x7f00</load_address>
         <run_address>0x7f00</run_address>
         <size>0x100</size>
         <input_file_ref idref="fl-9a"/>
      </object_component>
      <object_component id="oc-dc">
         <name>.text:_write</name>
         <load_address>0x8000</load_address>
         <run_address>0x8000</run_address>
         <size>0x100</size>
         <input_file_ref idref="fl-9a"/>
      </object_component>
      <object_component id="oc-f2">
         <name>.text:__cleanup</name>
         <load_address>0x8100</load_address>
         <run_address>0x8100</run_address>
         <size>0xe0</size>
         <input_file_ref idref="fl-af"/>
      </object_component>
      <object_component id="oc-db">
         <name>.text:__doflush</name>
         <load_address>0x81e0</load_address>
         <run_address>0x81e0</run_address>
         <size>0xe0</size>
         <input_file_ref idref="fl-a9"/>
      </object_component>
      <object_component id="oc-f4">
         <name>.text:__ecpy</name>
         <load_address>0x82c0</load_address>
         <run_address>0x82c0</run_address>
         <size>0xe0</size>
         <input_file_ref idref="fl-85"/>
      </object_component>
      <object_component id="oc-f7">
         <name>.text:__fcpy</name>
         <load_address>0x83a0</load_address>
         <run_address>0x83a0</run_address>
         <size>0xe0</size>
         <input_file_ref idref="fl-85"/>
      </object_component>
      <object_component id="oc-c0">
         <name>.text:_exit</name>
         <load_address>0x8480</load_address>
         <run_address>0x8480</run_address>
         <size>0xe0</size>
         <input_file_ref idref="fl-82"/>
      </object_component>
      <object_component id="oc-fd">
         <name>.text:_minsert</name>
         <load_address>0x8560</load_address>
         <run_address>0x8560</run_address>
         <size>0xe0</size>
         <input_file_ref idref="fl-b0"/>
      </object_component>
      <object_component id="oc-fc">
         <name>.text:_mremove</name>
         <load_address>0x8640</load_address>
         <run_address>0x8640</run_address>
         <size>0xe0</size>
         <input_file_ref idref="fl-b0"/>
      </object_component>
      <object_component id="oc-107">
         <name>.text:__divu</name>
         <load_address>0x8720</load_address>
         <run_address>0x8720</run_address>
         <size>0xc0</size>
         <input_file_ref idref="fl-8f"/>
      </object_component>
      <object_component id="oc-10c">
         <name>.text:__remli</name>
         <load_address>0x87e0</load_address>
         <run_address>0x87e0</run_address>
         <size>0xc0</size>
         <input_file_ref idref="fl-96"/>
      </object_component>
      <object_component id="oc-c9">
         <name>.text:_copy_in</name>
         <load_address>0x88a0</load_address>
         <run_address>0x88a0</run_address>
         <size>0xc0</size>
         <input_file_ref idref="fl-8b"/>
      </object_component>
      <object_component id="oc-116">
         <name>.text:_finddevice</name>
         <load_address>0x8960</load_address>
         <run_address>0x8960</run_address>
         <size>0xc0</size>
         <input_file_ref idref="fl-9a"/>
      </object_component>
      <object_component id="oc-103">
         <name>.text:__fixdi</name>
         <load_address>0x8a20</load_address>
         <run_address>0x8a20</run_address>
         <size>0xa0</size>
         <input_file_ref idref="fl-90"/>
      </object_component>
      <object_component id="oc-ff">
         <name>.text:__fixdli</name>
         <load_address>0x8ac0</load_address>
         <run_address>0x8ac0</run_address>
         <size>0xa0</size>
         <input_file_ref idref="fl-91"/>
      </object_component>
      <object_component id="oc-10f">
         <name>.text:__llshl</name>
         <load_address>0x8b60</load_address>
         <run_address>0x8b60</run_address>
         <size>0xa0</size>
         <input_file_ref idref="fl-99"/>
      </object_component>
      <object_component id="oc-fb">
         <name>.text:__mpyll</name>
         <load_address>0x8c00</load_address>
         <run_address>0x8c00</run_address>
         <size>0xa0</size>
         <input_file_ref idref="fl-a0"/>
      </object_component>
      <object_component id="oc-115">
         <name>.text:__renormd</name>
         <load_address>0x8ca0</load_address>
         <run_address>0x8ca0</run_address>
         <size>0xa0</size>
         <input_file_ref idref="fl-ad"/>
      </object_component>
      <object_component id="oc-cf">
         <name>.text:_readmsg</name>
         <load_address>0x8d40</load_address>
         <run_address>0x8d40</run_address>
         <size>0xa0</size>
         <input_file_ref idref="fl-a5"/>
      </object_component>
      <object_component id="oc-112">
         <name>.text:_unlink</name>
         <load_address>0x8de0</load_address>
         <run_address>0x8de0</run_address>
         <size>0xa0</size>
         <input_file_ref idref="fl-9a"/>
      </object_component>
      <object_component id="oc-ce">
         <name>.text:_writemsg</name>
         <load_address>0x8e80</load_address>
         <run_address>0x8e80</run_address>
         <size>0xa0</size>
         <input_file_ref idref="fl-a5"/>
      </object_component>
      <object_component id="oc-cb">
         <name>.text:___TI_cpp_init</name>
         <load_address>0x8f20</load_address>
         <run_address>0x8f20</run_address>
         <size>0x80</size>
         <input_file_ref idref="fl-8a"/>
      </object_component>
      <object_component id="oc-101">
         <name>.text:__fltlid</name>
         <load_address>0x8fa0</load_address>
         <run_address>0x8fa0</run_address>
         <size>0x80</size>
         <input_file_ref idref="fl-92"/>
      </object_component>
      <object_component id="oc-111">
         <name>.text:__llshru</name>
         <load_address>0x9020</load_address>
         <run_address>0x9020</run_address>
         <size>0x80</size>
         <input_file_ref idref="fl-99"/>
      </object_component>
      <object_component id="oc-e">
         <name>.text:_c_int00</name>
         <load_address>0x90a0</load_address>
         <run_address>0x90a0</run_address>
         <size>0x80</size>
         <input_file_ref idref="fl-81"/>
      </object_component>
      <object_component id="oc-e1">
         <name>.text:_memccpy</name>
         <load_address>0x9120</load_address>
         <run_address>0x9120</run_address>
         <size>0x80</size>
         <input_file_ref idref="fl-9c"/>
      </object_component>
      <object_component id="oc-e6">
         <name>.text:___isinf</name>
         <load_address>0x91a0</load_address>
         <run_address>0x91a0</run_address>
         <size>0x60</size>
         <input_file_ref idref="fl-98"/>
      </object_component>
      <object_component id="oc-e5">
         <name>.text:___isnan</name>
         <load_address>0x9200</load_address>
         <run_address>0x9200</run_address>
         <size>0x60</size>
         <input_file_ref idref="fl-85"/>
      </object_component>
      <object_component id="oc-110">
         <name>.text:__subcull</name>
         <load_address>0x9260</load_address>
         <run_address>0x9260</run_address>
         <size>0x60</size>
         <input_file_ref idref="fl-97"/>
      </object_component>
      <object_component id="oc-102">
         <name>.text:__subd</name>
         <load_address>0x92c0</load_address>
         <run_address>0x92c0</run_address>
         <size>0x60</size>
         <input_file_ref idref="fl-a3"/>
      </object_component>
      <object_component id="oc-f">
         <name>.text</name>
         <load_address>0x9320</load_address>
         <run_address>0x9320</run_address>
         <size>0x60</size>
         <input_file_ref idref="fl-2"/>
      </object_component>
      <object_component id="oc-bf">
         <name>.text:__args_main</name>
         <load_address>0x9380</load_address>
         <run_address>0x9380</run_address>
         <size>0x40</size>
         <input_file_ref idref="fl-86"/>
      </object_component>
      <object_component id="oc-e8">
         <name>.text:__negd</name>
         <load_address>0x93c0</load_address>
         <run_address>0x93c0</run_address>
         <size>0x40</size>
         <input_file_ref idref="fl-a1"/>
      </object_component>
      <object_component id="oc-cc">
         <name>.text</name>
         <load_address>0x9400</load_address>
         <run_address>0x9400</run_address>
         <size>0x40</size>
         <input_file_ref idref="fl-3"/>
      </object_component>
      <object_component id="oc-ed">
         <name>.text:__negll</name>
         <load_address>0x9440</load_address>
         <run_address>0x9440</run_address>
         <size>0x20</size>
         <input_file_ref idref="fl-a2"/>
      </object_component>
      <object_component id="oc-c1">
         <name>.text:__nop</name>
         <load_address>0x9460</load_address>
         <run_address>0x9460</run_address>
         <size>0x20</size>
         <input_file_ref idref="fl-84"/>
      </object_component>
      <object_component id="oc-d2">
         <name>.text:__outc</name>
         <load_address>0x9480</load_address>
         <run_address>0x9480</run_address>
         <size>0x20</size>
         <input_file_ref idref="fl-83"/>
      </object_component>
      <object_component id="oc-d1">
         <name>.text:__outs</name>
         <load_address>0x94a0</load_address>
         <run_address>0x94a0</run_address>
         <size>0x20</size>
         <input_file_ref idref="fl-83"/>
      </object_component>
      <object_component id="oc-cd">
         <name>.text:_abort</name>
         <load_address>0x94c0</load_address>
         <run_address>0x94c0</run_address>
         <size>0x20</size>
         <input_file_ref idref="fl-82"/>
      </object_component>
      <object_component id="oc-10b">
         <name>.text:_remove</name>
         <load_address>0x94e0</load_address>
         <run_address>0x94e0</run_address>
         <size>0x20</size>
         <input_file_ref idref="fl-b2"/>
      </object_component>
      <object_component id="oc-42">
         <name>.cinit</name>
         <load_address>0xb968</load_address>
         <run_address>0xb968</run_address>
         <size>0x5c</size>
         <input_file_ref idref="fl-8d"/>
      </object_component>
      <object_component id="oc-6b">
         <name>.cinit</name>
         <load_address>0xb9c8</load_address>
         <run_address>0xb9c8</run_address>
         <size>0x5c</size>
         <input_file_ref idref="fl-9a"/>
      </object_component>
      <object_component id="oc-1d">
         <name>.cinit</name>
         <load_address>0xba28</load_address>
         <run_address>0xba28</run_address>
         <size>0x2c</size>
         <input_file_ref idref="fl-82"/>
      </object_component>
      <object_component id="oc-b3">
         <name>.cinit</name>
         <load_address>0xba58</load_address>
         <run_address>0xba58</run_address>
         <size>0x2c</size>
         <input_file_ref idref="fl-b0"/>
      </object_component>
      <object_component id="oc-25">
         <name>.cinit</name>
         <load_address>0xba88</load_address>
         <run_address>0xba88</run_address>
         <size>0x1c</size>
         <input_file_ref idref="fl-84"/>
      </object_component>
      <object_component id="oc-ae">
         <name>.cinit</name>
         <load_address>0xbaa8</load_address>
         <run_address>0xbaa8</run_address>
         <size>0xc</size>
         <input_file_ref idref="fl-af"/>
      </object_component>
      <object_component id="oc-19">
         <name>.stack</name>
         <uninitialized>true</uninitialized>
         <run_address>0x9500</run_address>
         <size>0x8</size>
         <input_file_ref idref="fl-81"/>
      </object_component>
      <object_component id="oc-12c">
         <name>.stack</name>
         <uninitialized>true</uninitialized>
         <run_address>0x9500</run_address>
         <size>0x0</size>
      </object_component>
      <object_component id="oc-b5">
         <name>.sysmem</name>
         <uninitialized>true</uninitialized>
         <run_address>0xa500</run_address>
         <size>0x8</size>
         <input_file_ref idref="fl-b0"/>
      </object_component>
      <object_component id="oc-12d">
         <name>.sysmem</name>
         <uninitialized>true</uninitialized>
         <run_address>0xa500</run_address>
         <size>0x0</size>
      </object_component>
      <object_component id="oc-e4">
         <name>.const:.string:__ctypes_</name>
         <load_address>0xbabc</load_address>
         <run_address>0xbabc</run_address>
         <size>0x101</size>
         <input_file_ref idref="fl-8c"/>
      </object_component>
      <object_component id="oc-2a">
         <name>.const:.string</name>
         <load_address>0xbbbd</load_address>
         <run_address>0xbbbd</run_address>
         <size>0x23</size>
         <input_file_ref idref="fl-85"/>
      </object_component>
      <object_component id="oc-14">
         <name>.const:.string</name>
         <load_address>0xbbe0</load_address>
         <run_address>0xbbe0</run_address>
         <size>0x10</size>
         <input_file_ref idref="fl-3"/>
      </object_component>
      <object_component id="oc-105">
         <name>.const:.string:_initial_approx$1</name>
         <load_address>0xbbf0</load_address>
         <run_address>0xbbf0</run_address>
         <size>0x8</size>
         <input_file_ref idref="fl-8e"/>
      </object_component>
      <object_component id="oc-58">
         <name>.const:.string</name>
         <load_address>0xbbf8</load_address>
         <run_address>0xbbf8</run_address>
         <size>0x2</size>
         <input_file_ref idref="fl-94"/>
      </object_component>
      <object_component id="oc-1e">
         <name>.far</name>
         <uninitialized>true</uninitialized>
         <run_address>0xb940</run_address>
         <size>0xc</size>
         <input_file_ref idref="fl-82"/>
      </object_component>
      <object_component id="oc-26">
         <name>.far</name>
         <uninitialized>true</uninitialized>
         <run_address>0xb94c</run_address>
         <size>0x8</size>
         <input_file_ref idref="fl-84"/>
      </object_component>
      <object_component id="oc-43">
         <name>.far</name>
         <uninitialized>true</uninitialized>
         <run_address>0xb500</run_address>
         <size>0x324</size>
         <input_file_ref idref="fl-8d"/>
      </object_component>
      <object_component id="oc-6c">
         <name>.far</name>
         <uninitialized>true</uninitialized>
         <run_address>0xb824</run_address>
         <size>0x11c</size>
         <input_file_ref idref="fl-9a"/>
      </object_component>
      <object_component id="oc-8b">
         <name>.far</name>
         <uninitialized>true</uninitialized>
         <run_address>0xb95c</run_address>
         <size>0x8</size>
         <input_file_ref idref="fl-a4"/>
      </object_component>
      <object_component id="oc-af">
         <name>.far</name>
         <uninitialized>true</uninitialized>
         <run_address>0xb964</run_address>
         <size>0x4</size>
         <input_file_ref idref="fl-af"/>
      </object_component>
      <object_component id="oc-b4">
         <name>.far</name>
         <uninitialized>true</uninitialized>
         <run_address>0xb954</run_address>
         <size>0x8</size>
         <input_file_ref idref="fl-b0"/>
      </object_component>
      <object_component id="oc-8f">
         <name>.cio</name>
         <uninitialized>true</uninitialized>
         <run_address>0xbbfc</run_address>
         <size>0x120</size>
         <input_file_ref idref="fl-a5"/>
      </object_component>
      <object_component id="oc-10">
         <name>.debug_info</name>
         <load_address>0x0</load_address>
         <run_address>0x0</run_address>
         <size>0xbb</size>
         <input_file_ref idref="fl-2"/>
      </object_component>
      <object_component id="oc-13">
         <name>.debug_info</name>
         <load_address>0xbb</load_address>
         <run_address>0xbb</run_address>
         <size>0x670</size>
         <input_file_ref idref="fl-3"/>
      </object_component>
      <object_component id="oc-18">
         <name>.debug_info</name>
         <load_address>0x72b</load_address>
         <run_address>0x72b</run_address>
         <size>0x73c</size>
         <input_file_ref idref="fl-81"/>
      </object_component>
      <object_component id="oc-1c">
         <name>.debug_info</name>
         <load_address>0xe67</load_address>
         <run_address>0xe67</run_address>
         <size>0x877</size>
         <input_file_ref idref="fl-82"/>
      </object_component>
      <object_component id="oc-21">
         <name>.debug_info</name>
         <load_address>0x16de</load_address>
         <run_address>0x16de</run_address>
         <size>0x933</size>
         <input_file_ref idref="fl-83"/>
      </object_component>
      <object_component id="oc-24">
         <name>.debug_info</name>
         <load_address>0x2011</load_address>
         <run_address>0x2011</run_address>
         <size>0x67d</size>
         <input_file_ref idref="fl-84"/>
      </object_component>
      <object_component id="oc-29">
         <name>.debug_info</name>
         <load_address>0x268e</load_address>
         <run_address>0x268e</run_address>
         <size>0x3b98</size>
         <input_file_ref idref="fl-85"/>
      </object_component>
      <object_component id="oc-2d">
         <name>.debug_info</name>
         <load_address>0x6226</load_address>
         <run_address>0x6226</run_address>
         <size>0x712</size>
         <input_file_ref idref="fl-86"/>
      </object_component>
      <object_component id="oc-30">
         <name>.debug_info</name>
         <load_address>0x6938</load_address>
         <run_address>0x6938</run_address>
         <size>0x7e1</size>
         <input_file_ref idref="fl-87"/>
      </object_component>
      <object_component id="oc-33">
         <name>.debug_info</name>
         <load_address>0x7119</load_address>
         <run_address>0x7119</run_address>
         <size>0x8e9</size>
         <input_file_ref idref="fl-88"/>
      </object_component>
      <object_component id="oc-36">
         <name>.debug_info</name>
         <load_address>0x7a02</load_address>
         <run_address>0x7a02</run_address>
         <size>0x6d6</size>
         <input_file_ref idref="fl-89"/>
      </object_component>
      <object_component id="oc-39">
         <name>.debug_info</name>
         <load_address>0x80d8</load_address>
         <run_address>0x80d8</run_address>
         <size>0x761</size>
         <input_file_ref idref="fl-8a"/>
      </object_component>
      <object_component id="oc-3c">
         <name>.debug_info</name>
         <load_address>0x8839</load_address>
         <run_address>0x8839</run_address>
         <size>0x857</size>
         <input_file_ref idref="fl-8b"/>
      </object_component>
      <object_component id="oc-3f">
         <name>.debug_info</name>
         <load_address>0x9090</load_address>
         <run_address>0x9090</run_address>
         <size>0x62b</size>
         <input_file_ref idref="fl-8c"/>
      </object_component>
      <object_component id="oc-41">
         <name>.debug_info</name>
         <load_address>0x96bb</load_address>
         <run_address>0x96bb</run_address>
         <size>0x718</size>
         <input_file_ref idref="fl-8d"/>
      </object_component>
      <object_component id="oc-45">
         <name>.debug_info</name>
         <load_address>0x9dd3</load_address>
         <run_address>0x9dd3</run_address>
         <size>0xa3b</size>
         <input_file_ref idref="fl-8e"/>
      </object_component>
      <object_component id="oc-48">
         <name>.debug_info</name>
         <load_address>0xa80e</load_address>
         <run_address>0xa80e</run_address>
         <size>0x101</size>
         <input_file_ref idref="fl-8f"/>
      </object_component>
      <object_component id="oc-4b">
         <name>.debug_info</name>
         <load_address>0xa90f</load_address>
         <run_address>0xa90f</run_address>
         <size>0x6bf</size>
         <input_file_ref idref="fl-90"/>
      </object_component>
      <object_component id="oc-4e">
         <name>.debug_info</name>
         <load_address>0xafce</load_address>
         <run_address>0xafce</run_address>
         <size>0x6c2</size>
         <input_file_ref idref="fl-91"/>
      </object_component>
      <object_component id="oc-51">
         <name>.debug_info</name>
         <load_address>0xb690</load_address>
         <run_address>0xb690</run_address>
         <size>0x6db</size>
         <input_file_ref idref="fl-92"/>
      </object_component>
      <object_component id="oc-54">
         <name>.debug_info</name>
         <load_address>0xbd6b</load_address>
         <run_address>0xbd6b</run_address>
         <size>0x85b</size>
         <input_file_ref idref="fl-93"/>
      </object_component>
      <object_component id="oc-57">
         <name>.debug_info</name>
         <load_address>0xc5c6</load_address>
         <run_address>0xc5c6</run_address>
         <size>0xdb1</size>
         <input_file_ref idref="fl-94"/>
      </object_component>
      <object_component id="oc-5b">
         <name>.debug_info</name>
         <load_address>0xd377</load_address>
         <run_address>0xd377</run_address>
         <size>0x6d5</size>
         <input_file_ref idref="fl-95"/>
      </object_component>
      <object_component id="oc-5e">
         <name>.debug_info</name>
         <load_address>0xda4c</load_address>
         <run_address>0xda4c</run_address>
         <size>0x835</size>
         <input_file_ref idref="fl-96"/>
      </object_component>
      <object_component id="oc-61">
         <name>.debug_info</name>
         <load_address>0xe281</load_address>
         <run_address>0xe281</run_address>
         <size>0x830</size>
         <input_file_ref idref="fl-97"/>
      </object_component>
      <object_component id="oc-64">
         <name>.debug_info</name>
         <load_address>0xeab1</load_address>
         <run_address>0xeab1</run_address>
         <size>0x847</size>
         <input_file_ref idref="fl-98"/>
      </object_component>
      <object_component id="oc-67">
         <name>.debug_info</name>
         <load_address>0xf2f8</load_address>
         <run_address>0xf2f8</run_address>
         <size>0x732</size>
         <input_file_ref idref="fl-99"/>
      </object_component>
      <object_component id="oc-6a">
         <name>.debug_info</name>
         <load_address>0xfa2a</load_address>
         <run_address>0xfa2a</run_address>
         <size>0x11b7</size>
         <input_file_ref idref="fl-9a"/>
      </object_component>
      <object_component id="oc-6f">
         <name>.debug_info</name>
         <load_address>0x10be1</load_address>
         <run_address>0x10be1</run_address>
         <size>0x7c0</size>
         <input_file_ref idref="fl-9b"/>
      </object_component>
      <object_component id="oc-72">
         <name>.debug_info</name>
         <load_address>0x113a1</load_address>
         <run_address>0x113a1</run_address>
         <size>0x764</size>
         <input_file_ref idref="fl-9c"/>
      </object_component>
      <object_component id="oc-75">
         <name>.debug_info</name>
         <load_address>0x11b05</load_address>
         <run_address>0x11b05</run_address>
         <size>0x851</size>
         <input_file_ref idref="fl-9d"/>
      </object_component>
      <object_component id="oc-78">
         <name>.debug_info</name>
         <load_address>0x12356</load_address>
         <run_address>0x12356</run_address>
         <size>0x7a8</size>
         <input_file_ref idref="fl-9e"/>
      </object_component>
      <object_component id="oc-7b">
         <name>.debug_info</name>
         <load_address>0x12afe</load_address>
         <run_address>0x12afe</run_address>
         <size>0x716</size>
         <input_file_ref idref="fl-9f"/>
      </object_component>
      <object_component id="oc-7e">
         <name>.debug_info</name>
         <load_address>0x13214</load_address>
         <run_address>0x13214</run_address>
         <size>0x6e8</size>
         <input_file_ref idref="fl-a0"/>
      </object_component>
      <object_component id="oc-81">
         <name>.debug_info</name>
         <load_address>0x138fc</load_address>
         <run_address>0x138fc</run_address>
         <size>0x64e</size>
         <input_file_ref idref="fl-a1"/>
      </object_component>
      <object_component id="oc-84">
         <name>.debug_info</name>
         <load_address>0x13f4a</load_address>
         <run_address>0x13f4a</run_address>
         <size>0x649</size>
         <input_file_ref idref="fl-a2"/>
      </object_component>
      <object_component id="oc-87">
         <name>.debug_info</name>
         <load_address>0x14593</load_address>
         <run_address>0x14593</run_address>
         <size>0x675</size>
         <input_file_ref idref="fl-a3"/>
      </object_component>
      <object_component id="oc-8a">
         <name>.debug_info</name>
         <load_address>0x14c08</load_address>
         <run_address>0x14c08</run_address>
         <size>0x11f7</size>
         <input_file_ref idref="fl-a4"/>
      </object_component>
      <object_component id="oc-8e">
         <name>.debug_info</name>
         <load_address>0x15dff</load_address>
         <run_address>0x15dff</run_address>
         <size>0xa1e</size>
         <input_file_ref idref="fl-a5"/>
      </object_component>
      <object_component id="oc-92">
         <name>.debug_info</name>
         <load_address>0x1681d</load_address>
         <run_address>0x1681d</run_address>
         <size>0x78b</size>
         <input_file_ref idref="fl-a6"/>
      </object_component>
      <object_component id="oc-95">
         <name>.debug_info</name>
         <load_address>0x16fa8</load_address>
         <run_address>0x16fa8</run_address>
         <size>0x5fd</size>
         <input_file_ref idref="fl-a7"/>
      </object_component>
      <object_component id="oc-98">
         <name>.debug_info</name>
         <load_address>0x175a5</load_address>
         <run_address>0x175a5</run_address>
         <size>0x721</size>
         <input_file_ref idref="fl-a8"/>
      </object_component>
      <object_component id="oc-9b">
         <name>.debug_info</name>
         <load_address>0x17cc6</load_address>
         <run_address>0x17cc6</run_address>
         <size>0x7b2</size>
         <input_file_ref idref="fl-a9"/>
      </object_component>
      <object_component id="oc-9e">
         <name>.debug_info</name>
         <load_address>0x18478</load_address>
         <run_address>0x18478</run_address>
         <size>0x727</size>
         <input_file_ref idref="fl-aa"/>
      </object_component>
      <object_component id="oc-a1">
         <name>.debug_info</name>
         <load_address>0x18b9f</load_address>
         <run_address>0x18b9f</run_address>
         <size>0x763</size>
         <input_file_ref idref="fl-ab"/>
      </object_component>
      <object_component id="oc-a4">
         <name>.debug_info</name>
         <load_address>0x19302</load_address>
         <run_address>0x19302</run_address>
         <size>0x7ea</size>
         <input_file_ref idref="fl-ac"/>
      </object_component>
      <object_component id="oc-a7">
         <name>.debug_info</name>
         <load_address>0x19aec</load_address>
         <run_address>0x19aec</run_address>
         <size>0x7a0</size>
         <input_file_ref idref="fl-ad"/>
      </object_component>
      <object_component id="oc-aa">
         <name>.debug_info</name>
         <load_address>0x1a28c</load_address>
         <run_address>0x1a28c</run_address>
         <size>0x844</size>
         <input_file_ref idref="fl-ae"/>
      </object_component>
      <object_component id="oc-ad">
         <name>.debug_info</name>
         <load_address>0x1aad0</load_address>
         <run_address>0x1aad0</run_address>
         <size>0x8fd</size>
         <input_file_ref idref="fl-af"/>
      </object_component>
      <object_component id="oc-b2">
         <name>.debug_info</name>
         <load_address>0x1b3cd</load_address>
         <run_address>0x1b3cd</run_address>
         <size>0xc94</size>
         <input_file_ref idref="fl-b0"/>
      </object_component>
      <object_component id="oc-b8">
         <name>.debug_info</name>
         <load_address>0x1c061</load_address>
         <run_address>0x1c061</run_address>
         <size>0x837</size>
         <input_file_ref idref="fl-b1"/>
      </object_component>
      <object_component id="oc-bb">
         <name>.debug_info</name>
         <load_address>0x1c898</load_address>
         <run_address>0x1c898</run_address>
         <size>0x695</size>
         <input_file_ref idref="fl-b2"/>
      </object_component>
      <object_component id="oc-12e">
         <name>.debug_info</name>
         <load_address>0x1cf2d</load_address>
         <run_address>0x1cf2d</run_address>
         <size>0x6e</size>
      </object_component>
      <object_component id="oc-11">
         <name>.debug_line</name>
         <load_address>0x0</load_address>
         <run_address>0x0</run_address>
         <size>0x40</size>
         <input_file_ref idref="fl-2"/>
      </object_component>
      <object_component id="oc-16">
         <name>.debug_line</name>
         <load_address>0x40</load_address>
         <run_address>0x40</run_address>
         <size>0x3e</size>
         <input_file_ref idref="fl-3"/>
      </object_component>
      <object_component id="oc-1a">
         <name>.debug_line</name>
         <load_address>0x7e</load_address>
         <run_address>0x7e</run_address>
         <size>0x3d</size>
         <input_file_ref idref="fl-81"/>
      </object_component>
      <object_component id="oc-1f">
         <name>.debug_line</name>
         <load_address>0xbb</load_address>
         <run_address>0xbb</run_address>
         <size>0x4f</size>
         <input_file_ref idref="fl-82"/>
      </object_component>
      <object_component id="oc-22">
         <name>.debug_line</name>
         <load_address>0x10a</load_address>
         <run_address>0x10a</run_address>
         <size>0x6a</size>
         <input_file_ref idref="fl-83"/>
      </object_component>
      <object_component id="oc-27">
         <name>.debug_line</name>
         <load_address>0x174</load_address>
         <run_address>0x174</run_address>
         <size>0x36</size>
         <input_file_ref idref="fl-84"/>
      </object_component>
      <object_component id="oc-2b">
         <name>.debug_line</name>
         <load_address>0x1aa</load_address>
         <run_address>0x1aa</run_address>
         <size>0x39e</size>
         <input_file_ref idref="fl-85"/>
      </object_component>
      <object_component id="oc-2e">
         <name>.debug_line</name>
         <load_address>0x548</load_address>
         <run_address>0x548</run_address>
         <size>0x41</size>
         <input_file_ref idref="fl-86"/>
      </object_component>
      <object_component id="oc-31">
         <name>.debug_line</name>
         <load_address>0x589</load_address>
         <run_address>0x589</run_address>
         <size>0x41</size>
         <input_file_ref idref="fl-87"/>
      </object_component>
      <object_component id="oc-34">
         <name>.debug_line</name>
         <load_address>0x5ca</load_address>
         <run_address>0x5ca</run_address>
         <size>0x47</size>
         <input_file_ref idref="fl-88"/>
      </object_component>
      <object_component id="oc-37">
         <name>.debug_line</name>
         <load_address>0x611</load_address>
         <run_address>0x611</run_address>
         <size>0x37</size>
         <input_file_ref idref="fl-89"/>
      </object_component>
      <object_component id="oc-3a">
         <name>.debug_line</name>
         <load_address>0x648</load_address>
         <run_address>0x648</run_address>
         <size>0x45</size>
         <input_file_ref idref="fl-8a"/>
      </object_component>
      <object_component id="oc-3d">
         <name>.debug_line</name>
         <load_address>0x68d</load_address>
         <run_address>0x68d</run_address>
         <size>0x44</size>
         <input_file_ref idref="fl-8b"/>
      </object_component>
      <object_component id="oc-46">
         <name>.debug_line</name>
         <load_address>0x6d1</load_address>
         <run_address>0x6d1</run_address>
         <size>0x5b</size>
         <input_file_ref idref="fl-8e"/>
      </object_component>
      <object_component id="oc-49">
         <name>.debug_line</name>
         <load_address>0x72c</load_address>
         <run_address>0x72c</run_address>
         <size>0x44</size>
         <input_file_ref idref="fl-8f"/>
      </object_component>
      <object_component id="oc-4c">
         <name>.debug_line</name>
         <load_address>0x770</load_address>
         <run_address>0x770</run_address>
         <size>0x3d</size>
         <input_file_ref idref="fl-90"/>
      </object_component>
      <object_component id="oc-4f">
         <name>.debug_line</name>
         <load_address>0x7ad</load_address>
         <run_address>0x7ad</run_address>
         <size>0x3d</size>
         <input_file_ref idref="fl-91"/>
      </object_component>
      <object_component id="oc-52">
         <name>.debug_line</name>
         <load_address>0x7ea</load_address>
         <run_address>0x7ea</run_address>
         <size>0x3d</size>
         <input_file_ref idref="fl-92"/>
      </object_component>
      <object_component id="oc-55">
         <name>.debug_line</name>
         <load_address>0x827</load_address>
         <run_address>0x827</run_address>
         <size>0x3f</size>
         <input_file_ref idref="fl-93"/>
      </object_component>
      <object_component id="oc-59">
         <name>.debug_line</name>
         <load_address>0x866</load_address>
         <run_address>0x866</run_address>
         <size>0xd8</size>
         <input_file_ref idref="fl-94"/>
      </object_component>
      <object_component id="oc-5c">
         <name>.debug_line</name>
         <load_address>0x93e</load_address>
         <run_address>0x93e</run_address>
         <size>0x3e</size>
         <input_file_ref idref="fl-95"/>
      </object_component>
      <object_component id="oc-5f">
         <name>.debug_line</name>
         <load_address>0x97c</load_address>
         <run_address>0x97c</run_address>
         <size>0x73</size>
         <input_file_ref idref="fl-96"/>
      </object_component>
      <object_component id="oc-62">
         <name>.debug_line</name>
         <load_address>0x9ef</load_address>
         <run_address>0x9ef</run_address>
         <size>0x5f</size>
         <input_file_ref idref="fl-97"/>
      </object_component>
      <object_component id="oc-65">
         <name>.debug_line</name>
         <load_address>0xa4e</load_address>
         <run_address>0xa4e</run_address>
         <size>0x38</size>
         <input_file_ref idref="fl-98"/>
      </object_component>
      <object_component id="oc-68">
         <name>.debug_line</name>
         <load_address>0xa86</load_address>
         <run_address>0xa86</run_address>
         <size>0x56</size>
         <input_file_ref idref="fl-99"/>
      </object_component>
      <object_component id="oc-6d">
         <name>.debug_line</name>
         <load_address>0xadc</load_address>
         <run_address>0xadc</run_address>
         <size>0x13b</size>
         <input_file_ref idref="fl-9a"/>
      </object_component>
      <object_component id="oc-70">
         <name>.debug_line</name>
         <load_address>0xc17</load_address>
         <run_address>0xc17</run_address>
         <size>0x40</size>
         <input_file_ref idref="fl-9b"/>
      </object_component>
      <object_component id="oc-73">
         <name>.debug_line</name>
         <load_address>0xc57</load_address>
         <run_address>0xc57</run_address>
         <size>0x3f</size>
         <input_file_ref idref="fl-9c"/>
      </object_component>
      <object_component id="oc-76">
         <name>.debug_line</name>
         <load_address>0xc96</load_address>
         <run_address>0xc96</run_address>
         <size>0x4e</size>
         <input_file_ref idref="fl-9d"/>
      </object_component>
      <object_component id="oc-79">
         <name>.debug_line</name>
         <load_address>0xce4</load_address>
         <run_address>0xce4</run_address>
         <size>0x47</size>
         <input_file_ref idref="fl-9e"/>
      </object_component>
      <object_component id="oc-7c">
         <name>.debug_line</name>
         <load_address>0xd2b</load_address>
         <run_address>0xd2b</run_address>
         <size>0x3c</size>
         <input_file_ref idref="fl-9f"/>
      </object_component>
      <object_component id="oc-7f">
         <name>.debug_line</name>
         <load_address>0xd67</load_address>
         <run_address>0xd67</run_address>
         <size>0x3d</size>
         <input_file_ref idref="fl-a0"/>
      </object_component>
      <object_component id="oc-82">
         <name>.debug_line</name>
         <load_address>0xda4</load_address>
         <run_address>0xda4</run_address>
         <size>0x37</size>
         <input_file_ref idref="fl-a1"/>
      </object_component>
      <object_component id="oc-85">
         <name>.debug_line</name>
         <load_address>0xddb</load_address>
         <run_address>0xddb</run_address>
         <size>0x37</size>
         <input_file_ref idref="fl-a2"/>
      </object_component>
      <object_component id="oc-88">
         <name>.debug_line</name>
         <load_address>0xe12</load_address>
         <run_address>0xe12</run_address>
         <size>0x37</size>
         <input_file_ref idref="fl-a3"/>
      </object_component>
      <object_component id="oc-8c">
         <name>.debug_line</name>
         <load_address>0xe49</load_address>
         <run_address>0xe49</run_address>
         <size>0x168</size>
         <input_file_ref idref="fl-a4"/>
      </object_component>
      <object_component id="oc-90">
         <name>.debug_line</name>
         <load_address>0xfb1</load_address>
         <run_address>0xfb1</run_address>
         <size>0x64</size>
         <input_file_ref idref="fl-a5"/>
      </object_component>
      <object_component id="oc-93">
         <name>.debug_line</name>
         <load_address>0x1015</load_address>
         <run_address>0x1015</run_address>
         <size>0x40</size>
         <input_file_ref idref="fl-a6"/>
      </object_component>
      <object_component id="oc-96">
         <name>.debug_line</name>
         <load_address>0x1055</load_address>
         <run_address>0x1055</run_address>
         <size>0x23</size>
         <input_file_ref idref="fl-a7"/>
      </object_component>
      <object_component id="oc-99">
         <name>.debug_line</name>
         <load_address>0x1078</load_address>
         <run_address>0x1078</run_address>
         <size>0x3c</size>
         <input_file_ref idref="fl-a8"/>
      </object_component>
      <object_component id="oc-9c">
         <name>.debug_line</name>
         <load_address>0x10b4</load_address>
         <run_address>0x10b4</run_address>
         <size>0x3e</size>
         <input_file_ref idref="fl-a9"/>
      </object_component>
      <object_component id="oc-9f">
         <name>.debug_line</name>
         <load_address>0x10f2</load_address>
         <run_address>0x10f2</run_address>
         <size>0x3f</size>
         <input_file_ref idref="fl-aa"/>
      </object_component>
      <object_component id="oc-a2">
         <name>.debug_line</name>
         <load_address>0x1131</load_address>
         <run_address>0x1131</run_address>
         <size>0x3a</size>
         <input_file_ref idref="fl-ab"/>
      </object_component>
      <object_component id="oc-a5">
         <name>.debug_line</name>
         <load_address>0x116b</load_address>
         <run_address>0x116b</run_address>
         <size>0x3c</size>
         <input_file_ref idref="fl-ac"/>
      </object_component>
      <object_component id="oc-a8">
         <name>.debug_line</name>
         <load_address>0x11a7</load_address>
         <run_address>0x11a7</run_address>
         <size>0x53</size>
         <input_file_ref idref="fl-ad"/>
      </object_component>
      <object_component id="oc-ab">
         <name>.debug_line</name>
         <load_address>0x11fa</load_address>
         <run_address>0x11fa</run_address>
         <size>0x40</size>
         <input_file_ref idref="fl-ae"/>
      </object_component>
      <object_component id="oc-b0">
         <name>.debug_line</name>
         <load_address>0x123a</load_address>
         <run_address>0x123a</run_address>
         <size>0x42</size>
         <input_file_ref idref="fl-af"/>
      </object_component>
      <object_component id="oc-b6">
         <name>.debug_line</name>
         <load_address>0x127c</load_address>
         <run_address>0x127c</run_address>
         <size>0xa7</size>
         <input_file_ref idref="fl-b0"/>
      </object_component>
      <object_component id="oc-b9">
         <name>.debug_line</name>
         <load_address>0x1323</load_address>
         <run_address>0x1323</run_address>
         <size>0x3e</size>
         <input_file_ref idref="fl-b1"/>
      </object_component>
      <object_component id="oc-bc">
         <name>.debug_line</name>
         <load_address>0x1361</load_address>
         <run_address>0x1361</run_address>
         <size>0x39</size>
         <input_file_ref idref="fl-b2"/>
      </object_component>
      <object_component id="oc-12">
         <name>.debug_abbrev</name>
         <load_address>0x0</load_address>
         <run_address>0x0</run_address>
         <size>0x27</size>
         <input_file_ref idref="fl-2"/>
      </object_component>
      <object_component id="oc-17">
         <name>.debug_abbrev</name>
         <load_address>0x27</load_address>
         <run_address>0x27</run_address>
         <size>0xb3</size>
         <input_file_ref idref="fl-3"/>
      </object_component>
      <object_component id="oc-1b">
         <name>.debug_abbrev</name>
         <load_address>0xda</load_address>
         <run_address>0xda</run_address>
         <size>0xfe</size>
         <input_file_ref idref="fl-81"/>
      </object_component>
      <object_component id="oc-20">
         <name>.debug_abbrev</name>
         <load_address>0x1d8</load_address>
         <run_address>0x1d8</run_address>
         <size>0x119</size>
         <input_file_ref idref="fl-82"/>
      </object_component>
      <object_component id="oc-23">
         <name>.debug_abbrev</name>
         <load_address>0x2f1</load_address>
         <run_address>0x2f1</run_address>
         <size>0x161</size>
         <input_file_ref idref="fl-83"/>
      </object_component>
      <object_component id="oc-28">
         <name>.debug_abbrev</name>
         <load_address>0x452</load_address>
         <run_address>0x452</run_address>
         <size>0x9f</size>
         <input_file_ref idref="fl-84"/>
      </object_component>
      <object_component id="oc-2c">
         <name>.debug_abbrev</name>
         <load_address>0x4f1</load_address>
         <run_address>0x4f1</run_address>
         <size>0x1d1</size>
         <input_file_ref idref="fl-85"/>
      </object_component>
      <object_component id="oc-2f">
         <name>.debug_abbrev</name>
         <load_address>0x6c2</load_address>
         <run_address>0x6c2</run_address>
         <size>0xe1</size>
         <input_file_ref idref="fl-86"/>
      </object_component>
      <object_component id="oc-32">
         <name>.debug_abbrev</name>
         <load_address>0x7a3</load_address>
         <run_address>0x7a3</run_address>
         <size>0xcc</size>
         <input_file_ref idref="fl-87"/>
      </object_component>
      <object_component id="oc-35">
         <name>.debug_abbrev</name>
         <load_address>0x86f</load_address>
         <run_address>0x86f</run_address>
         <size>0x13f</size>
         <input_file_ref idref="fl-88"/>
      </object_component>
      <object_component id="oc-38">
         <name>.debug_abbrev</name>
         <load_address>0x9ae</load_address>
         <run_address>0x9ae</run_address>
         <size>0xac</size>
         <input_file_ref idref="fl-89"/>
      </object_component>
      <object_component id="oc-3b">
         <name>.debug_abbrev</name>
         <load_address>0xa5a</load_address>
         <run_address>0xa5a</run_address>
         <size>0xdd</size>
         <input_file_ref idref="fl-8a"/>
      </object_component>
      <object_component id="oc-3e">
         <name>.debug_abbrev</name>
         <load_address>0xb37</load_address>
         <run_address>0xb37</run_address>
         <size>0x10c</size>
         <input_file_ref idref="fl-8b"/>
      </object_component>
      <object_component id="oc-40">
         <name>.debug_abbrev</name>
         <load_address>0xc43</load_address>
         <run_address>0xc43</run_address>
         <size>0x5f</size>
         <input_file_ref idref="fl-8c"/>
      </object_component>
      <object_component id="oc-44">
         <name>.debug_abbrev</name>
         <load_address>0xca2</load_address>
         <run_address>0xca2</run_address>
         <size>0x8e</size>
         <input_file_ref idref="fl-8d"/>
      </object_component>
      <object_component id="oc-47">
         <name>.debug_abbrev</name>
         <load_address>0xd30</load_address>
         <run_address>0xd30</run_address>
         <size>0x112</size>
         <input_file_ref idref="fl-8e"/>
      </object_component>
      <object_component id="oc-4a">
         <name>.debug_abbrev</name>
         <load_address>0xe42</load_address>
         <run_address>0xe42</run_address>
         <size>0x3b</size>
         <input_file_ref idref="fl-8f"/>
      </object_component>
      <object_component id="oc-4d">
         <name>.debug_abbrev</name>
         <load_address>0xe7d</load_address>
         <run_address>0xe7d</run_address>
         <size>0xac</size>
         <input_file_ref idref="fl-90"/>
      </object_component>
      <object_component id="oc-50">
         <name>.debug_abbrev</name>
         <load_address>0xf29</load_address>
         <run_address>0xf29</run_address>
         <size>0xac</size>
         <input_file_ref idref="fl-91"/>
      </object_component>
      <object_component id="oc-53">
         <name>.debug_abbrev</name>
         <load_address>0xfd5</load_address>
         <run_address>0xfd5</run_address>
         <size>0xc3</size>
         <input_file_ref idref="fl-92"/>
      </object_component>
      <object_component id="oc-56">
         <name>.debug_abbrev</name>
         <load_address>0x1098</load_address>
         <run_address>0x1098</run_address>
         <size>0x11f</size>
         <input_file_ref idref="fl-93"/>
      </object_component>
      <object_component id="oc-5a">
         <name>.debug_abbrev</name>
         <load_address>0x11b7</load_address>
         <run_address>0x11b7</run_address>
         <size>0x14b</size>
         <input_file_ref idref="fl-94"/>
      </object_component>
      <object_component id="oc-5d">
         <name>.debug_abbrev</name>
         <load_address>0x1302</load_address>
         <run_address>0x1302</run_address>
         <size>0x9a</size>
         <input_file_ref idref="fl-95"/>
      </object_component>
      <object_component id="oc-60">
         <name>.debug_abbrev</name>
         <load_address>0x139c</load_address>
         <run_address>0x139c</run_address>
         <size>0xc3</size>
         <input_file_ref idref="fl-96"/>
      </object_component>
      <object_component id="oc-63">
         <name>.debug_abbrev</name>
         <load_address>0x145f</load_address>
         <run_address>0x145f</run_address>
         <size>0xc3</size>
         <input_file_ref idref="fl-97"/>
      </object_component>
      <object_component id="oc-66">
         <name>.debug_abbrev</name>
         <load_address>0x1522</load_address>
         <run_address>0x1522</run_address>
         <size>0xd0</size>
         <input_file_ref idref="fl-98"/>
      </object_component>
      <object_component id="oc-69">
         <name>.debug_abbrev</name>
         <load_address>0x15f2</load_address>
         <run_address>0x15f2</run_address>
         <size>0xa3</size>
         <input_file_ref idref="fl-99"/>
      </object_component>
      <object_component id="oc-6e">
         <name>.debug_abbrev</name>
         <load_address>0x1695</load_address>
         <run_address>0x1695</run_address>
         <size>0x215</size>
         <input_file_ref idref="fl-9a"/>
      </object_component>
      <object_component id="oc-71">
         <name>.debug_abbrev</name>
         <load_address>0x18aa</load_address>
         <run_address>0x18aa</run_address>
         <size>0xe3</size>
         <input_file_ref idref="fl-9b"/>
      </object_component>
      <object_component id="oc-74">
         <name>.debug_abbrev</name>
         <load_address>0x198d</load_address>
         <run_address>0x198d</run_address>
         <size>0xae</size>
         <input_file_ref idref="fl-9c"/>
      </object_component>
      <object_component id="oc-77">
         <name>.debug_abbrev</name>
         <load_address>0x1a3b</load_address>
         <run_address>0x1a3b</run_address>
         <size>0xd5</size>
         <input_file_ref idref="fl-9d"/>
      </object_component>
      <object_component id="oc-7a">
         <name>.debug_abbrev</name>
         <load_address>0x1b10</load_address>
         <run_address>0x1b10</run_address>
         <size>0xd0</size>
         <input_file_ref idref="fl-9e"/>
      </object_component>
      <object_component id="oc-7d">
         <name>.debug_abbrev</name>
         <load_address>0x1be0</load_address>
         <run_address>0x1be0</run_address>
         <size>0xda</size>
         <input_file_ref idref="fl-9f"/>
      </object_component>
      <object_component id="oc-80">
         <name>.debug_abbrev</name>
         <load_address>0x1cba</load_address>
         <run_address>0x1cba</run_address>
         <size>0xa3</size>
         <input_file_ref idref="fl-a0"/>
      </object_component>
      <object_component id="oc-83">
         <name>.debug_abbrev</name>
         <load_address>0x1d5d</load_address>
         <run_address>0x1d5d</run_address>
         <size>0x81</size>
         <input_file_ref idref="fl-a1"/>
      </object_component>
      <object_component id="oc-86">
         <name>.debug_abbrev</name>
         <load_address>0x1dde</load_address>
         <run_address>0x1dde</run_address>
         <size>0x71</size>
         <input_file_ref idref="fl-a2"/>
      </object_component>
      <object_component id="oc-89">
         <name>.debug_abbrev</name>
         <load_address>0x1e4f</load_address>
         <run_address>0x1e4f</run_address>
         <size>0x8f</size>
         <input_file_ref idref="fl-a3"/>
      </object_component>
      <object_component id="oc-8d">
         <name>.debug_abbrev</name>
         <load_address>0x1ede</load_address>
         <run_address>0x1ede</run_address>
         <size>0x180</size>
         <input_file_ref idref="fl-a4"/>
      </object_component>
      <object_component id="oc-91">
         <name>.debug_abbrev</name>
         <load_address>0x205e</load_address>
         <run_address>0x205e</run_address>
         <size>0xd5</size>
         <input_file_ref idref="fl-a5"/>
      </object_component>
      <object_component id="oc-94">
         <name>.debug_abbrev</name>
         <load_address>0x2133</load_address>
         <run_address>0x2133</run_address>
         <size>0xd1</size>
         <input_file_ref idref="fl-a6"/>
      </object_component>
      <object_component id="oc-97">
         <name>.debug_abbrev</name>
         <load_address>0x2204</load_address>
         <run_address>0x2204</run_address>
         <size>0x90</size>
         <input_file_ref idref="fl-a7"/>
      </object_component>
      <object_component id="oc-9a">
         <name>.debug_abbrev</name>
         <load_address>0x2294</load_address>
         <run_address>0x2294</run_address>
         <size>0xda</size>
         <input_file_ref idref="fl-a8"/>
      </object_component>
      <object_component id="oc-9d">
         <name>.debug_abbrev</name>
         <load_address>0x236e</load_address>
         <run_address>0x236e</run_address>
         <size>0x12d</size>
         <input_file_ref idref="fl-a9"/>
      </object_component>
      <object_component id="oc-a0">
         <name>.debug_abbrev</name>
         <load_address>0x249b</load_address>
         <run_address>0x249b</run_address>
         <size>0xda</size>
         <input_file_ref idref="fl-aa"/>
      </object_component>
      <object_component id="oc-a3">
         <name>.debug_abbrev</name>
         <load_address>0x2575</load_address>
         <run_address>0x2575</run_address>
         <size>0xcc</size>
         <input_file_ref idref="fl-ab"/>
      </object_component>
      <object_component id="oc-a6">
         <name>.debug_abbrev</name>
         <load_address>0x2641</load_address>
         <run_address>0x2641</run_address>
         <size>0xf7</size>
         <input_file_ref idref="fl-ac"/>
      </object_component>
      <object_component id="oc-a9">
         <name>.debug_abbrev</name>
         <load_address>0x2738</load_address>
         <run_address>0x2738</run_address>
         <size>0xe9</size>
         <input_file_ref idref="fl-ad"/>
      </object_component>
      <object_component id="oc-ac">
         <name>.debug_abbrev</name>
         <load_address>0x2821</load_address>
         <run_address>0x2821</run_address>
         <size>0x11a</size>
         <input_file_ref idref="fl-ae"/>
      </object_component>
      <object_component id="oc-b1">
         <name>.debug_abbrev</name>
         <load_address>0x293b</load_address>
         <run_address>0x293b</run_address>
         <size>0x1cd</size>
         <input_file_ref idref="fl-af"/>
      </object_component>
      <object_component id="oc-b7">
         <name>.debug_abbrev</name>
         <load_address>0x2b08</load_address>
         <run_address>0x2b08</run_address>
         <size>0x1f6</size>
         <input_file_ref idref="fl-b0"/>
      </object_component>
      <object_component id="oc-ba">
         <name>.debug_abbrev</name>
         <load_address>0x2cfe</load_address>
         <run_address>0x2cfe</run_address>
         <size>0x130</size>
         <input_file_ref idref="fl-b1"/>
      </object_component>
      <object_component id="oc-bd">
         <name>.debug_abbrev</name>
         <load_address>0x2e2e</load_address>
         <run_address>0x2e2e</run_address>
         <size>0xab</size>
         <input_file_ref idref="fl-b2"/>
      </object_component>
      <object_component id="oc-12f">
         <name>.debug_abbrev</name>
         <load_address>0x2ed9</load_address>
         <run_address>0x2ed9</run_address>
         <size>0xd</size>
      </object_component>
      <object_component id="oc-15">
         <name>.debug_frame</name>
         <load_address>0x0</load_address>
         <run_address>0x0</run_address>
         <size>0x25d</size>
         <input_file_ref idref="fl-3"/>
      </object_component>
   </object_component_list>
   <logical_group_list>
      <logical_group id="lg-2">
         <name>.EXT_RAM</name>
         <run_address>0x0</run_address>
         <size>0x0</size>
         <contents>
         </contents>
      </logical_group>
      <logical_group id="lg-3">
         <name>.vectors</name>
         <run_address>0x0</run_address>
         <size>0x0</size>
         <contents>
         </contents>
      </logical_group>
      <logical_group id="lg-4">
         <name>.text</name>
         <load_address>0x220</load_address>
         <run_address>0x220</run_address>
         <size>0x92e0</size>
[...]
            <object_component_ref idref="oc-60"/>
            <object_component_ref idref="oc-63"/>
            <object_component_ref idref="oc-66"/>
            <object_component_ref idref="oc-69"/>
            <object_component_ref idref="oc-6e"/>
            <object_component_ref idref="oc-71"/>
            <object_component_ref idref="oc-74"/>
            <object_component_ref idref="oc-77"/>
            <object_component_ref idref="oc-7a"/>
            <object_component_ref idref="oc-7d"/>
            <object_component_ref idref="oc-80"/>
            <object_component_ref idref="oc-83"/>
            <object_component_ref idref="oc-86"/>
            <object_component_ref idref="oc-89"/>
            <object_component_ref idref="oc-8d"/>
            <object_component_ref idref="oc-91"/>
            <object_component_ref idref="oc-94"/>
            <object_component_ref idref="oc-97"/>
            <object_component_ref idref="oc-9a"/>
            <object_component_ref idref="oc-9d"/>
            <object_component_ref idref="oc-a0"/>
            <object_component_ref idref="oc-a3"/>
            <object_component_ref idref="oc-a6"/>
            <object_component_ref idref="oc-a9"/>
            <object_component_ref idref="oc-ac"/>
            <object_component_ref idref="oc-b1"/>
            <object_component_ref idref="oc-b7"/>
            <object_component_ref idref="oc-ba"/>
            <object_component_ref idref="oc-bd"/>
            <object_component_ref idref="oc-12f"/>
         </contents>
      </logical_group>
      <logical_group id="lg-129">
         <name>.debug_frame</name>
         <load_address>0x0</load_address>
         <run_address>0x0</run_address>
         <size>0x25d</size>
         <contents>
            <object_component_ref idref="oc-15"/>
         </contents>
      </logical_group>
   </logical_group_list>
   <placement_map>
      <memory_area>
         <name>IVECS</name>
         <page_id>0x0</page_id>
         <origin>0x0</origin>
         <length>0x220</length>
         <used_space>0x0</used_space>
         <unused_space>0x220</unused_space>
         <attributes>RWIX</attributes>
         <usage_details>
         </usage_details>
      </memory_area>
      <memory_area>
         <name>IRAM</name>
         <page_id>0x0</page_id>
         <origin>0x220</origin>
         <length>0x2fde0</length>
         <used_space>0xbafa</used_space>
         <unused_space>0x242e6</unused_space>
         <attributes>RWIX</attributes>
         <usage_details>
            <allocated_space>
               <start_address>0x220</start_address>
               <size>0x0</size>
               <logical_group_ref idref="lg-5"/>
            </allocated_space>
            <allocated_space>
               <start_address>0x220</start_address>
               <size>0x92e0</size>
               <logical_group_ref idref="lg-4"/>
            </allocated_space>
            <allocated_space>
               <start_address>0x9500</start_address>
               <size>0x1000</size>
               <logical_group_ref idref="lg-7"/>
            </allocated_space>
            <allocated_space>
               <start_address>0xa500</start_address>
               <size>0x1000</size>
               <logical_group_ref idref="lg-8"/>
            </allocated_space>
            <allocated_space>
               <start_address>0xb500</start_address>
               <size>0x468</size>
               <logical_group_ref idref="lg-b"/>
            </allocated_space>
            <allocated_space>
               <start_address>0xb968</start_address>
               <size>0x154</size>
               <logical_group_ref idref="lg-6"/>
            </allocated_space>
            <allocated_space>
               <start_address>0xbabc</start_address>
               <size>0x13e</size>
               <logical_group_ref idref="lg-9"/>
            </allocated_space>
            <available_space>
               <start_address>0xbbfa</start_address>
               <size>0x2</size>
            </available_space>
            <allocated_space>
               <start_address>0xbbfc</start_address>
               <size>0x120</size>
               <logical_group_ref idref="lg-c"/>
            </allocated_space>
            <available_space>
               <start_address>0xbd1c</start_address>
               <size>0x242e4</size>
            </available_space>
         </usage_details>
      </memory_area>
      <memory_area>
         <name>SDRAM</name>
         <page_id>0x0</page_id>
         <origin>0x80000000</origin>
         <length>0x1000000</length>
         <used_space>0x0</used_space>
         <unused_space>0x1000000</unused_space>
         <attributes>RWIX</attributes>
         <usage_details>
         </usage_details>
      </memory_area>
      <memory_area>
         <name>FLASH</name>
         <page_id>0x0</page_id>
         <origin>0x90000000</origin>
         <length>0x20000</length>
         <used_space>0x0</used_space>
         <unused_space>0x20000</unused_space>
         <attributes>RWIX</attributes>
         <usage_details>
         </usage_details>
      </memory_area>
   </placement_map>
   <symbol_table>
      <symbol id="sm-0">
         <name>cinit</name>
         <value>0xb968</value>
      </symbol>
      <symbol id="sm-1">
         <name>___cinit__</name>
         <value>0xb968</value>
      </symbol>
      <symbol id="sm-2">
         <name>pinit</name>
         <value>0xffffffff</value>
      </symbol>
      <symbol id="sm-3">
         <name>___pinit__</name>
         <value>0xffffffff</value>
      </symbol>
      <symbol id="sm-4">
         <name>binit</name>
         <value>0xffffffff</value>
      </symbol>
      <symbol id="sm-5">
         <name>___binit__</name>
         <value>0xffffffff</value>
      </symbol>
      <symbol id="sm-6">
         <name>__STACK_SIZE</name>
         <value>0x1000</value>
      </symbol>
      <symbol id="sm-7">
         <name>__STACK_END</name>
         <value>0xa500</value>
      </symbol>
      <symbol id="sm-8">
         <name>__SYSMEM_SIZE</name>
         <value>0x1000</value>
      </symbol>
      <symbol id="sm-9">
         <name>___c_args__</name>
         <value>0xffffffff</value>
      </symbol>
      <symbol id="sm-a">
         <name>.text</name>
         <value>0x220</value>
      </symbol>
      <symbol id="sm-b">
         <name>___text__</name>
         <value>0x220</value>
      </symbol>
      <symbol id="sm-c">
         <name>etext</name>
         <value>0x9500</value>
      </symbol>
      <symbol id="sm-d">
         <name>___etext__</name>
         <value>0x9500</value>
      </symbol>
      <symbol id="sm-e">
         <name>.bss</name>
         <value>0x220</value>
      </symbol>
      <symbol id="sm-f">
         <name>___bss__</name>
         <value>0x220</value>
      </symbol>
      <symbol id="sm-10">
         <name>end</name>
         <value>0x220</value>
      </symbol>
      <symbol id="sm-11">
         <name>___end__</name>
         <value>0x220</value>
      </symbol>
      <symbol id="sm-12">
         <name>___TI_pprof_out_hndl</name>
         <value>0xffffffff</value>
      </symbol>
      <symbol id="sm-13">
         <name>___TI_prof_data_start</name>
         <value>0xffffffff</value>
      </symbol>
      <symbol id="sm-14">
         <name>___TI_prof_data_size</name>
         <value>0xffffffff</value>
      </symbol>
      <symbol id="sm-15">
         <name>$bss</name>
         <value>0x220</value>
      </symbol>
      <symbol id="sm-44">
         <name>_MaFonctionASM</name>
         <value>0x9350</value>
         <object_component_ref idref="oc-f"/>
      </symbol>
      <symbol id="sm-53">
         <name>_main</name>
         <value>0x9400</value>
         <object_component_ref idref="oc-cc"/>
      </symbol>
      <symbol id="sm-5f">
         <name>_c_int00</name>
         <value>0x90a0</value>
         <object_component_ref idref="oc-e"/>
      </symbol>
      <symbol id="sm-60">
         <name>__stack</name>
         <value>0x9500</value>
         <object_component_ref idref="oc-19"/>
      </symbol>
      <symbol id="sm-70">
         <name>C$$EXIT</name>
         <value>0x94c0</value>
         <object_component_ref idref="oc-cd"/>
      </symbol>
      <symbol id="sm-71">
         <name>_exit</name>
         <value>0x8480</value>
         <object_component_ref idref="oc-c0"/>
      </symbol>
      <symbol id="sm-72">
         <name>___TI_enable_exit_profile_output</name>
         <value>0xb948</value>
         <object_component_ref idref="oc-1e"/>
      </symbol>
      <symbol id="sm-73">
         <name>_abort</name>
         <value>0x94c0</value>
         <object_component_ref idref="oc-cd"/>
      </symbol>
      <symbol id="sm-74">
         <name>__cleanup_ptr</name>
         <value>0xb940</value>
         <object_component_ref idref="oc-1e"/>
      </symbol>
      <symbol id="sm-75">
         <name>__dtors_ptr</name>
         <value>0xb944</value>
         <object_component_ref idref="oc-1e"/>
      </symbol>
      <symbol id="sm-83">
         <name>_printf</name>
         <value>0x76e0</value>
         <object_component_ref idref="oc-d0"/>
      </symbol>
      <symbol id="sm-91">
         <name>__unlock</name>
         <value>0xb950</value>
         <object_component_ref idref="oc-26"/>
      </symbol>
      <symbol id="sm-92">
         <name>__lock</name>
         <value>0xb94c</value>
         <object_component_ref idref="oc-26"/>
      </symbol>
      <symbol id="sm-93">
         <name>__nop</name>
         <value>0x9460</value>
         <object_component_ref idref="oc-c1"/>
      </symbol>
      <symbol id="sm-c3">
         <name>__printfi</name>
         <value>0x16a0</value>
         <object_component_ref idref="oc-d3"/>
      </symbol>
      <symbol id="sm-cd">
         <name>__args_main</name>
         <value>0x9380</value>
         <object_component_ref idref="oc-bf"/>
      </symbol>
      <symbol id="sm-ce">
         <name>__TI_args_main</name>
         <value>0x1</value>
      </symbol>
      <symbol id="sm-d8">
         <name>_atoi</name>
         <value>0x6ec0</value>
         <object_component_ref idref="oc-de"/>
      </symbol>
      <symbol id="sm-e2">
         <name>__auto_init</name>
         <value>0x7a00</value>
         <object_component_ref idref="oc-be"/>
      </symbol>
      <symbol id="sm-ec">
         <name>__cmpd</name>
         <value>0x7b00</value>
         <object_component_ref idref="oc-e7"/>
      </symbol>
      <symbol id="sm-f6">
         <name>___TI_cpp_init</name>
         <value>0x8f20</value>
         <object_component_ref idref="oc-cb"/>
      </symbol>
      <symbol id="sm-100">
         <name>_copy_in</name>
         <value>0x88a0</value>
         <object_component_ref idref="oc-c9"/>
      </symbol>
      <symbol id="sm-108">
         <name>__ctypes_</name>
         <value>0xbabc</value>
         <object_component_ref idref="oc-e4"/>
      </symbol>
      <symbol id="sm-112">
         <name>__tmpnams</name>
         <value>0xb6e0</value>
         <object_component_ref idref="oc-43"/>
      </symbol>
      <symbol id="sm-113">
         <name>__ft_end</name>
         <value>0xb820</value>
         <object_component_ref idref="oc-43"/>
      </symbol>
      <symbol id="sm-114">
         <name>__ftable</name>
         <value>0xb500</value>
         <object_component_ref idref="oc-43"/>
      </symbol>
      <symbol id="sm-120">
         <name>__divd</name>
         <value>0x220</value>
         <object_component_ref idref="oc-f9"/>
      </symbol>
      <symbol id="sm-128">
         <name>__c6xabi_divu</name>
         <value>0x8720</value>
         <object_component_ref idref="oc-107"/>
      </symbol>
      <symbol id="sm-129">
         <name>__divu</name>
         <value>0x8720</value>
         <object_component_ref idref="oc-107"/>
      </symbol>
      <symbol id="sm-133">
         <name>__fixdi</name>
         <value>0x8a20</value>
         <object_component_ref idref="oc-103"/>
      </symbol>
      <symbol id="sm-13d">
         <name>__fixdli</name>
         <value>0x8ac0</value>
         <object_component_ref idref="oc-ff"/>
      </symbol>
      <symbol id="sm-147">
         <name>__fltlid</name>
         <value>0x8fa0</value>
         <object_component_ref idref="oc-101"/>
      </symbol>
      <symbol id="sm-151">
         <name>_putc</name>
         <value>0x50a0</value>
         <object_component_ref idref="oc-d5"/>
      </symbol>
      <symbol id="sm-152">
         <name>_fputc</name>
         <value>0x50a0</value>
         <object_component_ref idref="oc-d5"/>
      </symbol>
      <symbol id="sm-15e">
         <name>_fputs</name>
         <value>0x2120</value>
         <object_component_ref idref="oc-d4"/>
      </symbol>
      <symbol id="sm-168">
         <name>__frcmpyd_div</name>
         <value>0x6ae0</value>
         <object_component_ref idref="oc-106"/>
      </symbol>
      <symbol id="sm-176">
         <name>__divul</name>
         <value>0x5380</value>
         <object_component_ref idref="oc-108"/>
      </symbol>
      <symbol id="sm-177">
         <name>__remli</name>
         <value>0x87e0</value>
         <object_component_ref idref="oc-10c"/>
      </symbol>
      <symbol id="sm-178">
         <name>__divli</name>
         <value>0x7d00</value>
         <object_component_ref idref="oc-10d"/>
      </symbol>
      <symbol id="sm-184">
         <name>__subcull</name>
         <value>0x9260</value>
         <object_component_ref idref="oc-110"/>
      </symbol>
      <symbol id="sm-185">
         <name>__divull</name>
         <value>0x3420</value>
         <object_component_ref idref="oc-109"/>
      </symbol>
      <symbol id="sm-18f">
         <name>___isinf</name>
         <value>0x91a0</value>
         <object_component_ref idref="oc-e6"/>
      </symbol>
      <symbol id="sm-19b">
         <name>__llshl</name>
         <value>0x8b60</value>
         <object_component_ref idref="oc-10f"/>
      </symbol>
      <symbol id="sm-19c">
         <name>__llshru</name>
         <value>0x9020</value>
         <object_component_ref idref="oc-111"/>
      </symbol>
      <symbol id="sm-1b4">
         <name>_unlink</name>
         <value>0x8de0</value>
         <object_component_ref idref="oc-112"/>
      </symbol>
      <symbol id="sm-1b5">
         <name>_lseek</name>
         <value>0x7f00</value>
         <object_component_ref idref="oc-ef"/>
      </symbol>
      <symbol id="sm-1b6">
         <name>_close</name>
         <value>0x74a0</value>
         <object_component_ref idref="oc-10a"/>
      </symbol>
      <symbol id="sm-1b7">
         <name>_write</name>
         <value>0x8000</value>
         <object_component_ref idref="oc-dc"/>
      </symbol>
      <symbol id="sm-1c1">
         <name>_ltoa</name>
         <value>0x7000</value>
         <object_component_ref idref="oc-100"/>
      </symbol>
      <symbol id="sm-1cb">
         <name>_memccpy</name>
         <value>0x9120</value>
         <object_component_ref idref="oc-e1"/>
      </symbol>
      <symbol id="sm-1d5">
         <name>_memcpy</name>
         <value>0x5a80</value>
         <object_component_ref idref="oc-ca"/>
      </symbol>
      <symbol id="sm-1df">
         <name>_memset</name>
         <value>0x75c0</value>
         <object_component_ref idref="oc-dd"/>
      </symbol>
      <symbol id="sm-1e9">
         <name>__mpyd</name>
         <value>0x4ae0</value>
         <object_component_ref idref="oc-f8"/>
      </symbol>
      <symbol id="sm-1f3">
         <name>__mpyll</name>
         <value>0x8c00</value>
         <object_component_ref idref="oc-fb"/>
      </symbol>
      <symbol id="sm-1fd">
         <name>__negd</name>
         <value>0x93c0</value>
         <object_component_ref idref="oc-e8"/>
      </symbol>
      <symbol id="sm-207">
         <name>__negll</name>
         <value>0x9440</value>
         <object_component_ref idref="oc-ed"/>
      </symbol>
      <symbol id="sm-211">
         <name>__subd</name>
         <value>0x92c0</value>
         <object_component_ref idref="oc-102"/>
      </symbol>
      <symbol id="sm-229">
         <name>_HOSTopen</name>
         <value>0x7140</value>
         <object_component_ref idref="oc-c2"/>
      </symbol>
      <symbol id="sm-22a">
         <name>_HOSTread</name>
         <value>0x6c40</value>
         <object_component_ref idref="oc-c4"/>
      </symbol>
      <symbol id="sm-22b">
         <name>_HOSTrename</name>
         <value>0x5cc0</value>
         <object_component_ref idref="oc-c8"/>
      </symbol>
      <symbol id="sm-22c">
         <name>_HOSTwrite</name>
         <value>0x7260</value>
         <object_component_ref idref="oc-c5"/>
      </symbol>
      <symbol id="sm-22d">
         <name>_HOSTlseek</name>
         <value>0x6980</value>
         <object_component_ref idref="oc-c6"/>
      </symbol>
      <symbol id="sm-22e">
         <name>_HOSTunlink</name>
         <value>0x7900</value>
         <object_component_ref idref="oc-c7"/>
      </symbol>
      <symbol id="sm-22f">
         <name>_HOSTclose</name>
         <value>0x7800</value>
         <object_component_ref idref="oc-c3"/>
      </symbol>
      <symbol id="sm-23d">
         <name>C$$IO$$</name>
         <value>0x8ef8</value>
         <object_component_ref idref="oc-ce"/>
      </symbol>
      <symbol id="sm-23e">
         <name>__CIOBUF_</name>
         <value>0xbbfc</value>
         <object_component_ref idref="oc-8f"/>
      </symbol>
      <symbol id="sm-23f">
         <name>_readmsg</name>
         <value>0x8d40</value>
         <object_component_ref idref="oc-cf"/>
      </symbol>
      <symbol id="sm-240">
         <name>_writemsg</name>
         <value>0x8e80</value>
         <object_component_ref idref="oc-ce"/>
      </symbol>
      <symbol id="sm-24a">
         <name>__wrt_ok</name>
         <value>0x7380</value>
         <object_component_ref idref="oc-da"/>
      </symbol>
      <symbol id="sm-25b">
         <name>__addd</name>
         <value>0x41e0</value>
         <object_component_ref idref="oc-10e"/>
      </symbol>
      <symbol id="sm-265">
         <name>__doflush</name>
         <value>0x81e0</value>
         <object_component_ref idref="oc-db"/>
      </symbol>
      <symbol id="sm-26f">
         <name>__frcaddd</name>
         <value>0x3ec0</value>
         <object_component_ref idref="oc-113"/>
      </symbol>
      <symbol id="sm-279">
         <name>__frcmpyd</name>
         <value>0x6d80</value>
         <object_component_ref idref="oc-104"/>
      </symbol>
      <symbol id="sm-283">
         <name>_fseek</name>
         <value>0x60e0</value>
         <object_component_ref idref="oc-e2"/>
      </symbol>
      <symbol id="sm-28d">
         <name>__renormd</name>
         <value>0x8ca0</value>
         <object_component_ref idref="oc-115"/>
      </symbol>
      <symbol id="sm-297">
         <name>_setvbuf</name>
         <value>0x47e0</value>
         <object_component_ref idref="oc-e3"/>
      </symbol>
      <symbol id="sm-2a5">
         <name>__cleanup</name>
         <value>0x8100</value>
         <object_component_ref idref="oc-f2"/>
      </symbol>
      <symbol id="sm-2bb">
         <name>__sys_memory</name>
         <value>0xa500</value>
         <object_component_ref idref="oc-b5"/>
      </symbol>
      <symbol id="sm-2bc">
         <name>_free</name>
         <value>0x3b40</value>
         <object_component_ref idref="oc-f0"/>
      </symbol>
      <symbol id="sm-2bd">
         <name>_malloc</name>
         <value>0x55e0</value>
         <object_component_ref idref="oc-f1"/>
      </symbol>
      <symbol id="sm-2c7">
         <name>__closefile</name>
         <value>0x6800</value>
         <object_component_ref idref="oc-fe"/>
      </symbol>
      <symbol id="sm-2d1">
         <name>_remove</name>
         <value>0x94e0</value>
         <object_component_ref idref="oc-10b"/>
      </symbol>
   </symbol_table>
</link_info>
