******************************************************************************
               TMS320C6x Linker PC v7.4.20                     
******************************************************************************
>> Linked Wed Sep 06 16:42:55 2017

OUTPUT FILE NAME:   <labo1.out>
ENTRY POINT SYMBOL: "_c_int00"  address: 000090a0


MEMORY CONFIGURATION

         name            origin    length      used     unused   attr    fill
----------------------  --------  ---------  --------  --------  ----  --------
  IVECS                 00000000   00000220  00000000  00000220  RWIX
  IRAM                  00000220   0002fde0  0000bafa  000242e6  RWIX
  SDRAM                 80000000   01000000  00000000  01000000  RWIX
  FLASH                 90000000   00020000  00000000  00020000  RWIX


SECTION ALLOCATION MAP

 output                                  attributes/
section   page    origin      length       input sections
--------  ----  ----------  ----------   ----------------
.bss       0    00000220    00000000     UNINITIALIZED

.text      0    00000220    000092e0     
                  00000220    00000700     rts6200.lib : divd.obj (.text:__divd)
                  00000920    00000700                 : _printfi.obj (.text:__getarg_diouxp)
                  00001020    00000680                 : _printfi.obj (.text:__setfield)
                  000016a0    00000560                 : _printfi.obj (.text:__printfi)
                  00001c00    00000520                 : _printfi.obj (.text:_fcvt)
                  00002120    00000520                 : fputs.obj (.text:_fputs)
                  00002640    000004e0                 : _printfi.obj (.text:_ecvt)
                  00002b20    000004c0                 : _printfi.obj (.text:__pproc_fge)
                  00002fe0    00000440                 : _printfi.obj (.text:__pconv_e)
                  00003420    000003a0                 : imath64.obj (.text:__divull)
                  000037c0    00000380                 : _printfi.obj (.text:__pproc_fwp)
                  00003b40    00000380                 : memory.obj (.text:_free)
                  00003ec0    00000320                 : frcaddd.obj (.text:__frcaddd)
                  000041e0    00000300                 : addd.obj (.text:__addd)
                  000044e0    00000300                 : _printfi.obj (.text:__pproc_diouxp)
                  000047e0    00000300                 : setvbuf.obj (.text:_setvbuf)
                  00004ae0    000002e0                 : mpyd.obj (.text:__mpyd)
                  00004dc0    000002e0                 : _printfi.obj (.text:__pproc_str)
                  000050a0    000002e0                 : fputc.obj (.text:_fputc)
                  00005380    00000260                 : imath40.obj (.text:__divul)
                  000055e0    00000260                 : memory.obj (.text:_malloc)
                  00005840    00000240                 : _printfi.obj (.text:__mcpy)
                  00005a80    00000240                 : memcpy62.obj (.text:_memcpy)
                  00005cc0    00000220                 : trgdrv.obj (.text:_HOSTrename)
                  00005ee0    00000200                 : _printfi.obj (.text:__pconv_g)
                  000060e0    000001e0                 : fseek.obj (.text:_fseek)
                  000062c0    000001e0                 : lowlev.obj (.text:_getdevice)
                  000064a0    000001c0                 : _printfi.obj (.text:__ltostr)
                  00006660    000001a0                 : _printfi.obj (.text:__pproc_fflags)
                  00006800    00000180                 : fclose.obj (.text:__closefile)
                  00006980    00000160                 : trgdrv.obj (.text:_HOSTlseek)
                  00006ae0    00000160                 : frcmpyd_div.obj (.text:__frcmpyd_div)
                  00006c40    00000140                 : trgdrv.obj (.text:_HOSTread)
                  00006d80    00000140                 : frcmpyd.obj (.text:__frcmpyd)
                  00006ec0    00000140                 : atoi.obj (.text:_atoi)
                  00007000    00000140                 : ltoa.obj (.text:_ltoa)
                  00007140    00000120                 : trgdrv.obj (.text:_HOSTopen)
                  00007260    00000120                 : trgdrv.obj (.text:_HOSTwrite)
                  00007380    00000120                 : _io_perm.obj (.text:__wrt_ok)
                  000074a0    00000120                 : lowlev.obj (.text:_close)
                  000075c0    00000120                 : memset.obj (.text:_memset)
                  000076e0    00000120                 : printf.obj (.text:_printf)
                  00007800    00000100                 : trgdrv.obj (.text:_HOSTclose)
                  00007900    00000100                 : trgdrv.obj (.text:_HOSTunlink)
                  00007a00    00000100                 : autoinit.obj (.text:__auto_init)
                  00007b00    00000100                 : cmpd.obj (.text:__cmpd)
                  00007c00    00000100                 : _printfi.obj (.text:__div)
                  00007d00    00000100                 : imath40.obj (.text:__divli)
                  00007e00    00000100                 : _printfi.obj (.text:__pconv_f)
                  00007f00    00000100                 : lowlev.obj (.text:_lseek)
                  00008000    00000100                 : lowlev.obj (.text:_write)
                  00008100    000000e0                 : fopen.obj (.text:__cleanup)
                  000081e0    000000e0                 : fflush.obj (.text:__doflush)
                  000082c0    000000e0                 : _printfi.obj (.text:__ecpy)
                  000083a0    000000e0                 : _printfi.obj (.text:__fcpy)
                  00008480    000000e0                 : exit.obj (.text:_exit)
                  00008560    000000e0                 : memory.obj (.text:_minsert)
                  00008640    000000e0                 : memory.obj (.text:_mremove)
                  00008720    000000c0                 : divu.obj (.text:__divu)
                  000087e0    000000c0                 : imath40.obj (.text:__remli)
                  000088a0    000000c0                 : cpy_tbl.obj (.text:_copy_in)
                  00008960    000000c0                 : lowlev.obj (.text:_finddevice)
                  00008a20    000000a0                 : fixdi.obj (.text:__fixdi)
                  00008ac0    000000a0                 : fixdli.obj (.text:__fixdli)
                  00008b60    000000a0                 : llshift.obj (.text:__llshl)
                  00008c00    000000a0                 : mpyll.obj (.text:__mpyll)
                  00008ca0    000000a0                 : renormd.obj (.text:__renormd)
                  00008d40    000000a0                 : trgmsg.obj (.text:_readmsg)
                  00008de0    000000a0                 : lowlev.obj (.text:_unlink)
                  00008e80    000000a0                 : trgmsg.obj (.text:_writemsg)
                  00008f20    00000080                 : cpp_init.obj (.text:___TI_cpp_init)
                  00008fa0    00000080                 : fltlid.obj (.text:__fltlid)
                  00009020    00000080                 : llshift.obj (.text:__llshru)
                  000090a0    00000080                 : boot.obj (.text:_c_int00)
                  00009120    00000080                 : memccpy.obj (.text:_memccpy)
                  000091a0    00000060                 : isinf.obj (.text:___isinf)
                  00009200    00000060                 : _printfi.obj (.text:___isnan)
                  00009260    00000060                 : imath64.obj (.text:__subcull)
                  000092c0    00000060                 : subd.obj (.text:__subd)
                  00009320    00000060     labo1.obj (.text)
                  00009380    00000040     rts6200.lib : args_main.obj (.text:__args_main)
                  000093c0    00000040                 : negd.obj (.text:__negd)
                  00009400    00000040     main.obj (.text)
                  00009440    00000020     rts6200.lib : negll.obj (.text:__negll)
                  00009460    00000020                 : _lock.obj (.text:__nop)
                  00009480    00000020                 : printf.obj (.text:__outc)
                  000094a0    00000020                 : printf.obj (.text:__outs)
                  000094c0    00000020                 : exit.obj (.text:_abort)
                  000094e0    00000020                 : remove.obj (.text:_remove)

.stack     0    00009500    00001000     UNINITIALIZED
                  00009500    00000008     rts6200.lib : boot.obj (.stack)
                  00009508    00000ff8     --HOLE--

.sysmem    0    0000a500    00001000     UNINITIALIZED
                  0000a500    00000008     rts6200.lib : memory.obj (.sysmem)
                  0000a508    00000ff8     --HOLE--

.far       0    0000b500    00000468     UNINITIALIZED
                  0000b500    00000324     rts6200.lib : defs.obj (.far)
                  0000b824    0000011c                 : lowlev.obj (.far)
                  0000b940    0000000c                 : exit.obj (.far)
                  0000b94c    00000008                 : _lock.obj (.far)
                  0000b954    00000008                 : memory.obj (.far)
                  0000b95c    00000008                 : trgdrv.obj (.far)
                  0000b964    00000004                 : fopen.obj (.far)

.cinit     0    0000b968    00000154     
                  0000b968    0000005c     rts6200.lib : defs.obj (.cinit)
                  0000b9c4    00000004     --HOLE-- [fill = 0]
                  0000b9c8    0000005c                 : lowlev.obj (.cinit)
                  0000ba24    00000004     --HOLE-- [fill = 0]
                  0000ba28    0000002c                 : exit.obj (.cinit)
                  0000ba54    00000004     --HOLE-- [fill = 0]
                  0000ba58    0000002c                 : memory.obj (.cinit)
                  0000ba84    00000004     --HOLE-- [fill = 0]
                  0000ba88    0000001c                 : _lock.obj (.cinit)
                  0000baa4    00000004     --HOLE-- [fill = 0]
                  0000baa8    0000000c                 : fopen.obj (.cinit)
                  0000bab4    00000004     --HOLE-- [fill = 0]
                  0000bab8    00000004     (.pad.cinit) [fill = 0]

.const     0    0000babc    0000013e     
                  0000babc    00000101     rts6200.lib : ctype.obj (.const:.string:__ctypes_)
                  0000bbbd    00000023                 : _printfi.obj (.const:.string)
                  0000bbe0    00000010     main.obj (.const:.string)
                  0000bbf0    00000008     rts6200.lib : divd.obj (.const:.string:_initial_approx$1)
                  0000bbf8    00000002                 : fputs.obj (.const:.string)

.cio       0    0000bbfc    00000120     UNINITIALIZED
                  0000bbfc    00000120     rts6200.lib : trgmsg.obj (.cio)


GLOBAL SYMBOLS: SORTED ALPHABETICALLY BY Name 

address    name
--------   ----
00000220   $bss
00000220   .bss
00000220   .text
000094c0   C$$EXIT
00008ef8   C$$IO$$
00007800   _HOSTclose
00006980   _HOSTlseek
00007140   _HOSTopen
00006c40   _HOSTread
00005cc0   _HOSTrename
00007900   _HOSTunlink
00007260   _HOSTwrite
00009350   _MaFonctionASM
0000bbfc   __CIOBUF_
0000a500   __STACK_END
00001000   __STACK_SIZE
00001000   __SYSMEM_SIZE
00000001   __TI_args_main
00008f20   ___TI_cpp_init
0000b948   ___TI_enable_exit_profile_output
ffffffff   ___TI_pprof_out_hndl
ffffffff   ___TI_prof_data_size
ffffffff   ___TI_prof_data_start
ffffffff   ___binit__
00000220   ___bss__
ffffffff   ___c_args__
0000b968   ___cinit__
00000220   ___end__
00009500   ___etext__
000091a0   ___isinf
ffffffff   ___pinit__
00000220   ___text__
000041e0   __addd
00009380   __args_main
00007a00   __auto_init
00008720   __c6xabi_divu
00008100   __cleanup
0000b940   __cleanup_ptr
00006800   __closefile
00007b00   __cmpd
0000babc   __ctypes_
00000220   __divd
00007d00   __divli
00008720   __divu
00005380   __divul
00003420   __divull
000081e0   __doflush
0000b944   __dtors_ptr
00008a20   __fixdi
00008ac0   __fixdli
00008fa0   __fltlid
00003ec0   __frcaddd
00006d80   __frcmpyd
00006ae0   __frcmpyd_div
0000b820   __ft_end
0000b500   __ftable
00008b60   __llshl
00009020   __llshru
0000b94c   __lock
00004ae0   __mpyd
00008c00   __mpyll
000093c0   __negd
00009440   __negll
00009460   __nop
000016a0   __printfi
000087e0   __remli
00008ca0   __renormd
00009500   __stack
00009260   __subcull
000092c0   __subd
0000a500   __sys_memory
0000b6e0   __tmpnams
0000b950   __unlock
00007380   __wrt_ok
000094c0   _abort
00006ec0   _atoi
000090a0   _c_int00
000074a0   _close
000088a0   _copy_in
00008480   _exit
000050a0   _fputc
00002120   _fputs
00003b40   _free
000060e0   _fseek
00007f00   _lseek
00007000   _ltoa
00009400   _main
000055e0   _malloc
00009120   _memccpy
00005a80   _memcpy
000075c0   _memset
000076e0   _printf
000050a0   _putc
00008d40   _readmsg
000094e0   _remove
000047e0   _setvbuf
00008de0   _unlink
00008000   _write
00008e80   _writemsg
ffffffff   binit
0000b968   cinit
00000220   end
00009500   etext
ffffffff   pinit


GLOBAL SYMBOLS: SORTED BY Symbol Address 

address    name
--------   ----
00000001   __TI_args_main
00000220   $bss
00000220   .bss
00000220   .text
00000220   ___bss__
00000220   ___end__
00000220   ___text__
00000220   __divd
00000220   end
00001000   __STACK_SIZE
00001000   __SYSMEM_SIZE
000016a0   __printfi
00002120   _fputs
00003420   __divull
00003b40   _free
00003ec0   __frcaddd
000041e0   __addd
000047e0   _setvbuf
00004ae0   __mpyd
000050a0   _fputc
000050a0   _putc
00005380   __divul
000055e0   _malloc
00005a80   _memcpy
00005cc0   _HOSTrename
000060e0   _fseek
00006800   __closefile
00006980   _HOSTlseek
00006ae0   __frcmpyd_div
00006c40   _HOSTread
00006d80   __frcmpyd
00006ec0   _atoi
00007000   _ltoa
00007140   _HOSTopen
00007260   _HOSTwrite
00007380   __wrt_ok
000074a0   _close
000075c0   _memset
000076e0   _printf
00007800   _HOSTclose
00007900   _HOSTunlink
00007a00   __auto_init
00007b00   __cmpd
00007d00   __divli
00007f00   _lseek
00008000   _write
00008100   __cleanup
000081e0   __doflush
00008480   _exit
00008720   __c6xabi_divu
00008720   __divu
000087e0   __remli
000088a0   _copy_in
00008a20   __fixdi
00008ac0   __fixdli
00008b60   __llshl
00008c00   __mpyll
00008ca0   __renormd
00008d40   _readmsg
00008de0   _unlink
00008e80   _writemsg
00008ef8   C$$IO$$
00008f20   ___TI_cpp_init
00008fa0   __fltlid
00009020   __llshru
000090a0   _c_int00
00009120   _memccpy
000091a0   ___isinf
00009260   __subcull
000092c0   __subd
00009350   _MaFonctionASM
00009380   __args_main
000093c0   __negd
00009400   _main
00009440   __negll
00009460   __nop
000094c0   C$$EXIT
000094c0   _abort
000094e0   _remove
00009500   ___etext__
00009500   __stack
00009500   etext
0000a500   __STACK_END
0000a500   __sys_memory
0000b500   __ftable
0000b6e0   __tmpnams
0000b820   __ft_end
0000b940   __cleanup_ptr
0000b944   __dtors_ptr
0000b948   ___TI_enable_exit_profile_output
0000b94c   __lock
0000b950   __unlock
0000b968   ___cinit__
0000b968   cinit
0000babc   __ctypes_
0000bbfc   __CIOBUF_
ffffffff   ___TI_pprof_out_hndl
ffffffff   ___TI_prof_data_size
ffffffff   ___TI_prof_data_start
ffffffff   ___binit__
ffffffff   ___c_args__
ffffffff   ___pinit__
ffffffff   binit
ffffffff   pinit

[104 symbols]
